Archive member included to satisfy reference by file (symbol)

c:/program files (x86)/atollic/truestudio for arm 7.0.0/armtools/bin/../lib/gcc/arm-atollic-eabi/5.3.1/../../../../arm-atollic-eabi/lib/armv7e-m/fpu\libc.a(lib_a-init.o)
                              Drivers\CMSIS\Device\ST\STM32F4xx\Source\Templates\gcc\startup_stm32f437xx.o (__libc_init_array)
c:/program files (x86)/atollic/truestudio for arm 7.0.0/armtools/bin/../lib/gcc/arm-atollic-eabi/5.3.1/../../../../arm-atollic-eabi/lib/armv7e-m/fpu\libc.a(lib_a-memset.o)
                              Drivers\STM32F4xx_HAL_Driver\Src\stm32f4xx_hal_sd.o (memset)
c:/program files (x86)/atollic/truestudio for arm 7.0.0/armtools/bin/../lib/gcc/arm-atollic-eabi/5.3.1/armv7e-m/fpu\libgcc.a(unwind-arm.o)
                              Src\main.o (__aeabi_unwind_cpp_pr0)
c:/program files (x86)/atollic/truestudio for arm 7.0.0/armtools/bin/../lib/gcc/arm-atollic-eabi/5.3.1/armv7e-m/fpu\libgcc.a(libunwind.o)
                              c:/program files (x86)/atollic/truestudio for arm 7.0.0/armtools/bin/../lib/gcc/arm-atollic-eabi/5.3.1/armv7e-m/fpu\libgcc.a(unwind-arm.o) (restore_core_regs)
c:/program files (x86)/atollic/truestudio for arm 7.0.0/armtools/bin/../lib/gcc/arm-atollic-eabi/5.3.1/armv7e-m/fpu\libgcc.a(pr-support.o)
                              c:/program files (x86)/atollic/truestudio for arm 7.0.0/armtools/bin/../lib/gcc/arm-atollic-eabi/5.3.1/armv7e-m/fpu\libgcc.a(unwind-arm.o) (__gnu_unwind_execute)
c:/program files (x86)/atollic/truestudio for arm 7.0.0/armtools/bin/../lib/gcc/arm-atollic-eabi/5.3.1/../../../../arm-atollic-eabi/lib/armv7e-m/fpu\libc.a(lib_a-abort.o)
                              c:/program files (x86)/atollic/truestudio for arm 7.0.0/armtools/bin/../lib/gcc/arm-atollic-eabi/5.3.1/armv7e-m/fpu\libgcc.a(unwind-arm.o) (abort)
c:/program files (x86)/atollic/truestudio for arm 7.0.0/armtools/bin/../lib/gcc/arm-atollic-eabi/5.3.1/../../../../arm-atollic-eabi/lib/armv7e-m/fpu\libc.a(lib_a-memcpy-stub.o)
                              c:/program files (x86)/atollic/truestudio for arm 7.0.0/armtools/bin/../lib/gcc/arm-atollic-eabi/5.3.1/armv7e-m/fpu\libgcc.a(unwind-arm.o) (memcpy)
c:/program files (x86)/atollic/truestudio for arm 7.0.0/armtools/bin/../lib/gcc/arm-atollic-eabi/5.3.1/../../../../arm-atollic-eabi/lib/armv7e-m/fpu\libc.a(lib_a-signal.o)
                              c:/program files (x86)/atollic/truestudio for arm 7.0.0/armtools/bin/../lib/gcc/arm-atollic-eabi/5.3.1/../../../../arm-atollic-eabi/lib/armv7e-m/fpu\libc.a(lib_a-abort.o) (raise)
c:/program files (x86)/atollic/truestudio for arm 7.0.0/armtools/bin/../lib/gcc/arm-atollic-eabi/5.3.1/../../../../arm-atollic-eabi/lib/armv7e-m/fpu\libc.a(lib_a-signalr.o)
                              c:/program files (x86)/atollic/truestudio for arm 7.0.0/armtools/bin/../lib/gcc/arm-atollic-eabi/5.3.1/../../../../arm-atollic-eabi/lib/armv7e-m/fpu\libc.a(lib_a-signal.o) (_kill_r)
c:/program files (x86)/atollic/truestudio for arm 7.0.0/armtools/bin/../lib/gcc/arm-atollic-eabi/5.3.1/../../../../arm-atollic-eabi/lib/armv7e-m/fpu\libc.a(lib_a-impure.o)
                              c:/program files (x86)/atollic/truestudio for arm 7.0.0/armtools/bin/../lib/gcc/arm-atollic-eabi/5.3.1/../../../../arm-atollic-eabi/lib/armv7e-m/fpu\libc.a(lib_a-signal.o) (_impure_ptr)
c:/program files (x86)/atollic/truestudio for arm 7.0.0/armtools/bin/../lib/gcc/arm-atollic-eabi/5.3.1/../../../../arm-atollic-eabi/lib/armv7e-m/fpu\libc.a(lib_a-mallocr.o)
                              c:/program files (x86)/atollic/truestudio for arm 7.0.0/armtools/bin/../lib/gcc/arm-atollic-eabi/5.3.1/../../../../arm-atollic-eabi/lib/armv7e-m/fpu\libc.a(lib_a-signal.o) (_malloc_r)
c:/program files (x86)/atollic/truestudio for arm 7.0.0/armtools/bin/../lib/gcc/arm-atollic-eabi/5.3.1/../../../../arm-atollic-eabi/lib/armv7e-m/fpu\libc.a(lib_a-mlock.o)
                              c:/program files (x86)/atollic/truestudio for arm 7.0.0/armtools/bin/../lib/gcc/arm-atollic-eabi/5.3.1/../../../../arm-atollic-eabi/lib/armv7e-m/fpu\libc.a(lib_a-mallocr.o) (__malloc_lock)
c:/program files (x86)/atollic/truestudio for arm 7.0.0/armtools/bin/../lib/gcc/arm-atollic-eabi/5.3.1/../../../../arm-atollic-eabi/lib/armv7e-m/fpu\libc.a(lib_a-reent.o)
                              c:/program files (x86)/atollic/truestudio for arm 7.0.0/armtools/bin/../lib/gcc/arm-atollic-eabi/5.3.1/../../../../arm-atollic-eabi/lib/armv7e-m/fpu\libc.a(lib_a-signalr.o) (errno)
c:/program files (x86)/atollic/truestudio for arm 7.0.0/armtools/bin/../lib/gcc/arm-atollic-eabi/5.3.1/../../../../arm-atollic-eabi/lib/armv7e-m/fpu\libc.a(lib_a-sbrkr.o)
                              c:/program files (x86)/atollic/truestudio for arm 7.0.0/armtools/bin/../lib/gcc/arm-atollic-eabi/5.3.1/../../../../arm-atollic-eabi/lib/armv7e-m/fpu\libc.a(lib_a-mallocr.o) (_sbrk_r)
[...]
Memory Configuration

Name             Origin             Length             Attributes
RAM              0x20000000         0x00030000         xrw
CCMRAM           0x10000000         0x00010000         rw
FLASH            0x08000000         0x00200000         xr
*default*        0x00000000         0xffffffff

Linker script and memory map

LOAD c:/program files (x86)/atollic/truestudio for arm 7.0.0/armtools/bin/../lib/gcc/arm-atollic-eabi/5.3.1/armv7e-m/fpu/crti.o
LOAD c:/program files (x86)/atollic/truestudio for arm 7.0.0/armtools/bin/../lib/gcc/arm-atollic-eabi/5.3.1/armv7e-m/fpu/crtbegin.o
LOAD Drivers\CMSIS\Device\ST\STM32F4xx\Source\Templates\gcc\startup_stm32f437xx.o
LOAD Drivers\STM32F4xx_HAL_Driver\Src\stm32f4xx_hal.o
LOAD Drivers\STM32F4xx_HAL_Driver\Src\stm32f4xx_hal_cortex.o
LOAD Drivers\STM32F4xx_HAL_Driver\Src\stm32f4xx_hal_dma.o
LOAD Drivers\STM32F4xx_HAL_Driver\Src\stm32f4xx_hal_dma_ex.o
LOAD Drivers\STM32F4xx_HAL_Driver\Src\stm32f4xx_hal_flash.o
LOAD Drivers\STM32F4xx_HAL_Driver\Src\stm32f4xx_hal_flash_ex.o
LOAD Drivers\STM32F4xx_HAL_Driver\Src\stm32f4xx_hal_flash_ramfunc.o
LOAD Drivers\STM32F4xx_HAL_Driver\Src\stm32f4xx_hal_gpio.o
LOAD Drivers\STM32F4xx_HAL_Driver\Src\stm32f4xx_hal_pwr.o
LOAD Drivers\STM32F4xx_HAL_Driver\Src\stm32f4xx_hal_pwr_ex.o
LOAD Drivers\STM32F4xx_HAL_Driver\Src\stm32f4xx_hal_rcc.o
LOAD Drivers\STM32F4xx_HAL_Driver\Src\stm32f4xx_hal_rcc_ex.o
LOAD Drivers\STM32F4xx_HAL_Driver\Src\stm32f4xx_hal_sd.o
LOAD Drivers\STM32F4xx_HAL_Driver\Src\stm32f4xx_hal_tim.o
LOAD Drivers\STM32F4xx_HAL_Driver\Src\stm32f4xx_hal_tim_ex.o
LOAD Drivers\STM32F4xx_HAL_Driver\Src\stm32f4xx_hal_uart.o
LOAD Drivers\STM32F4xx_HAL_Driver\Src\stm32f4xx_ll_sdmmc.o
LOAD Middlewares\Third_Party\FatFs\src\diskio.o
LOAD Middlewares\Third_Party\FatFs\src\drivers\sd_diskio.o
LOAD Middlewares\Third_Party\FatFs\src\ff.o
LOAD Middlewares\Third_Party\FatFs\src\ff_gen_drv.o
LOAD Middlewares\Third_Party\FatFs\src\option\syscall.o
LOAD Src\bsp_driver_sd.o
LOAD Src\fatfs.o
LOAD Src\gpio.o
LOAD Src\main.o
LOAD Src\sdio.o
LOAD Src\stm32f4xx_hal_msp.o
LOAD Src\stm32f4xx_it.o
LOAD Src\system_stm32f4xx.o
LOAD Src\usart.o
START GROUP
LOAD c:/program files (x86)/atollic/truestudio for arm 7.0.0/armtools/bin/../lib/gcc/arm-atollic-eabi/5.3.1/../../../../arm-atollic-eabi/lib/armv7e-m/fpu\libstdc++.a
LOAD c:/program files (x86)/atollic/truestudio for arm 7.0.0/armtools/bin/../lib/gcc/arm-atollic-eabi/5.3.1/../../../../arm-atollic-eabi/lib/armv7e-m/fpu\libsupc++.a
END GROUP
                0x00001000                malloc_getpagesize_P = 0x1000
LOAD c:/program files (x86)/atollic/truestudio for arm 7.0.0/armtools/bin/../lib/gcc/arm-atollic-eabi/5.3.1/../../../../arm-atollic-eabi/lib/armv7e-m/fpu\libstdc++.a
LOAD c:/program files (x86)/atollic/truestudio for arm 7.0.0/armtools/bin/../lib/gcc/arm-atollic-eabi/5.3.1/../../../../arm-atollic-eabi/lib/armv7e-m/fpu\libm.a
LOAD c:/program files (x86)/atollic/truestudio for arm 7.0.0/armtools/bin/../lib/gcc/arm-atollic-eabi/5.3.1/../../../../arm-atollic-eabi/lib/armv7e-m/fpu\libc.a
START GROUP
LOAD c:/program files (x86)/atollic/truestudio for arm 7.0.0/armtools/bin/../lib/gcc/arm-atollic-eabi/5.3.1/armv7e-m/fpu\libgcc.a
LOAD c:/program files (x86)/atollic/truestudio for arm 7.0.0/armtools/bin/../lib/gcc/arm-atollic-eabi/5.3.1/../../../../arm-atollic-eabi/lib/armv7e-m/fpu\libc.a
END GROUP
START GROUP
LOAD c:/program files (x86)/atollic/truestudio for arm 7.0.0/armtools/bin/../lib/gcc/arm-atollic-eabi/5.3.1/armv7e-m/fpu\libgcc.a
LOAD c:/program files (x86)/atollic/truestudio for arm 7.0.0/armtools/bin/../lib/gcc/arm-atollic-eabi/5.3.1/../../../../arm-atollic-eabi/lib/armv7e-m/fpu\libc.a
LOAD c:/program files (x86)/atollic/truestudio for arm 7.0.0/armtools/bin/../lib/gcc/arm-atollic-eabi/5.3.1/../../../../arm-atollic-eabi/lib/armv7e-m/fpu\libnosys.a
END GROUP
LOAD c:/program files (x86)/atollic/truestudio for arm 7.0.0/armtools/bin/../lib/gcc/arm-atollic-eabi/5.3.1/armv7e-m/fpu/crtend.o
LOAD c:/program files (x86)/atollic/truestudio for arm 7.0.0/armtools/bin/../lib/gcc/arm-atollic-eabi/5.3.1/armv7e-m/fpu/crtn.o
                0x20030000                _estack = 0x20030000
                0x00000200                _Min_Heap_Size = 0x200
                0x00000400                _Min_Stack_Size = 0x400

.isr_vector     0x08000000      0x1ac
                0x08000000                . = ALIGN (0x4)
 *(.isr_vector)
 .isr_vector    0x08000000      0x1ac Drivers\CMSIS\Device\ST\STM32F4xx\Source\Templates\gcc\startup_stm32f437xx.o
                0x08000000                g_pfnVectors
                0x080001ac                . = ALIGN (0x4)

.text           0x080001ac     0x8924
                0x080001ac                . = ALIGN (0x4)
 *(.text)
 .text          0x080001ac       0x40 c:/program files (x86)/atollic/truestudio for arm 7.0.0/armtools/bin/../lib/gcc/arm-atollic-eabi/5.3.1/armv7e-m/fpu/crtbegin.o
 .text          0x080001ec      0x9dc c:/program files (x86)/atollic/truestudio for arm 7.0.0/armtools/bin/../lib/gcc/arm-atollic-eabi/5.3.1/armv7e-m/fpu\libgcc.a(unwind-arm.o)
                0x080004a8                _Unwind_GetCFA
                0x080004ac                __gnu_Unwind_RaiseException
                0x0800050c                __gnu_Unwind_ForcedUnwind
                0x08000520                __gnu_Unwind_Resume
                0x08000564                __gnu_Unwind_Resume_or_Rethrow
                0x08000574                _Unwind_Complete
                0x08000578                _Unwind_DeleteException
                0x08000584                _Unwind_VRS_Get
                0x080005d0                _Unwind_VRS_Set
                0x08000620                __gnu_Unwind_Backtrace
                0x0800096c                __aeabi_unwind_cpp_pr0
                0x08000970                __aeabi_unwind_cpp_pr1
                0x08000974                __aeabi_unwind_cpp_pr2
                0x08000978                _Unwind_VRS_Pop
 .text          0x08000bc8      0x1ac c:/program files (x86)/atollic/truestudio for arm 7.0.0/armtools/bin/../lib/gcc/arm-atollic-eabi/5.3.1/armv7e-m/fpu\libgcc.a(libunwind.o)
                0x08000bc8                __restore_core_regs
                0x08000bc8                restore_core_regs
                0x08000be0                __gnu_Unwind_Restore_VFP
                0x08000be8                __gnu_Unwind_Save_VFP
                0x08000bf0                __gnu_Unwind_Restore_VFP_D
                0x08000bf8                __gnu_Unwind_Save_VFP_D
                0x08000c00                __gnu_Unwind_Restore_VFP_D_16_to_31
                0x08000c08                __gnu_Unwind_Save_VFP_D_16_to_31
                0x08000c10                __gnu_Unwind_Restore_WMMXD
                0x08000c54                __gnu_Unwind_Save_WMMXD
                0x08000c98                __gnu_Unwind_Restore_WMMXC
                0x08000cac                __gnu_Unwind_Save_WMMXC
                0x08000cc0                ___Unwind_RaiseException
                0x08000cc0                _Unwind_RaiseException
                0x08000ce4                _Unwind_Resume
                0x08000ce4                ___Unwind_Resume
                0x08000d08                _Unwind_Resume_or_Rethrow
                0x08000d08                ___Unwind_Resume_or_Rethrow
                0x08000d2c                _Unwind_ForcedUnwind
                0x08000d2c                ___Unwind_ForcedUnwind
                0x08000d50                ___Unwind_Backtrace
                0x08000d50                _Unwind_Backtrace
 .text          0x08000d74      0x354 c:/program files (x86)/atollic/truestudio for arm 7.0.0/armtools/bin/../lib/gcc/arm-atollic-eabi/5.3.1/armv7e-m/fpu\libgcc.a(pr-support.o)
                0x08000dcc                __gnu_unwind_execute
                0x08001070                __gnu_unwind_frame
                0x08001098                _Unwind_GetRegionStart
                0x080010a4                _Unwind_GetLanguageSpecificData
                0x080010b8                _Unwind_GetTextRelBase
                0x080010c0                _Unwind_GetDataRelBase
 *(.text*)
 .text.Reset_Handler
                0x080010c8       0x50 Drivers\CMSIS\Device\ST\STM32F4xx\Source\Templates\gcc\startup_stm32f437xx.o
                0x080010c8                Reset_Handler
 .text.Default_Handler
                0x08001118        0x2 Drivers\CMSIS\Device\ST\STM32F4xx\Source\Templates\gcc\startup_stm32f437xx.o
                0x08001118                RTC_Alarm_IRQHandler
                0x08001118                HASH_RNG_IRQHandler
                0x08001118                EXTI2_IRQHandler
                0x08001118                TIM8_CC_IRQHandler
                0x08001118                UART8_IRQHandler
                0x08001118                SPI4_IRQHandler
                0x08001118                TIM1_CC_IRQHandler
                0x08001118                DMA2_Stream5_IRQHandler
                0x08001118                DMA1_Stream5_IRQHandler
                0x08001118                PVD_IRQHandler
                0x08001118                SDIO_IRQHandler
                0x08001118                TAMP_STAMP_IRQHandler
                0x08001118                CAN2_RX1_IRQHandler
                0x08001118                EXTI3_IRQHandler
                0x08001118                TIM8_TRG_COM_TIM14_IRQHandler
                0x08001118                TIM1_UP_TIM10_IRQHandler
                0x08001118                TIM8_UP_TIM13_IRQHandler
                0x08001118                I2C3_ER_IRQHandler
                0x08001118                EXTI0_IRQHandler
                0x08001118                I2C2_EV_IRQHandler
                0x08001118                DMA1_Stream2_IRQHandler
                0x08001118                CAN1_RX0_IRQHandler
                0x08001118                FPU_IRQHandler
                0x08001118                OTG_HS_WKUP_IRQHandler
                0x08001118                CAN2_SCE_IRQHandler
                0x08001118                DMA2_Stream2_IRQHandler
                0x08001118                SPI1_IRQHandler
                0x08001118                TIM6_DAC_IRQHandler
                0x08001118                TIM1_BRK_TIM9_IRQHandler
                0x08001118                DCMI_IRQHandler
                0x08001118                CAN2_RX0_IRQHandler
                0x08001118                DMA2_Stream3_IRQHandler
                0x08001118                USART6_IRQHandler
                0x08001118                USART3_IRQHandler
                0x08001118                CRYP_IRQHandler
                0x08001118                CAN1_RX1_IRQHandler
                0x08001118                UART5_IRQHandler
                0x08001118                DMA2_Stream0_IRQHandler
                0x08001118                TIM4_IRQHandler
                0x08001118                I2C1_EV_IRQHandler
                0x08001118                DMA1_Stream6_IRQHandler
                0x08001118                DMA1_Stream1_IRQHandler
                0x08001118                UART4_IRQHandler
                0x08001118                TIM3_IRQHandler
                0x08001118                RCC_IRQHandler
                0x08001118                TIM8_BRK_TIM12_IRQHandler
                0x08001118                Default_Handler
                0x08001118                EXTI15_10_IRQHandler
                0x08001118                ADC_IRQHandler
                0x08001118                DMA1_Stream7_IRQHandler
                0x08001118                SPI5_IRQHandler
                0x08001118                TIM7_IRQHandler
                0x08001118                CAN2_TX_IRQHandler
                0x08001118                TIM5_IRQHandler
                0x08001118                DMA2_Stream7_IRQHandler
                0x08001118                I2C3_EV_IRQHandler
                0x08001118                EXTI9_5_IRQHandler
                0x08001118                RTC_WKUP_IRQHandler
                0x08001118                ETH_WKUP_IRQHandler
                0x08001118                SPI2_IRQHandler
                0x08001118                OTG_HS_EP1_IN_IRQHandler
                0x08001118                DMA1_Stream0_IRQHandler
                0x08001118                CAN1_TX_IRQHandler
                0x08001118                EXTI4_IRQHandler
                0x08001118                ETH_IRQHandler
                0x08001118                OTG_HS_EP1_OUT_IRQHandler
                0x08001118                WWDG_IRQHandler
                0x08001118                SPI6_IRQHandler
                0x08001118                TIM2_IRQHandler
                0x08001118                OTG_FS_WKUP_IRQHandler
                0x08001118                TIM1_TRG_COM_TIM11_IRQHandler
                0x08001118                OTG_HS_IRQHandler
                0x08001118                DMA2D_IRQHandler
                0x08001118                EXTI1_IRQHandler
                0x08001118                UART7_IRQHandler
                0x08001118                USART2_IRQHandler
                0x08001118                I2C2_ER_IRQHandler
                0x08001118                DMA2_Stream1_IRQHandler
                0x08001118                CAN1_SCE_IRQHandler
                0x08001118                FLASH_IRQHandler
                0x08001118                DMA2_Stream4_IRQHandler
                0x08001118                USART1_IRQHandler
                0x08001118                OTG_FS_IRQHandler
                0x08001118                SPI3_IRQHandler
                0x08001118                DMA1_Stream4_IRQHandler
                0x08001118                I2C1_ER_IRQHandler
                0x08001118                FMC_IRQHandler
                0x08001118                DMA2_Stream6_IRQHandler
                0x08001118                SAI1_IRQHandler
                0x08001118                DMA1_Stream3_IRQHandler
 *fill*         0x0800111a        0x2 
 .text.HAL_Init
                0x0800111c       0x44 Drivers\STM32F4xx_HAL_Driver\Src\stm32f4xx_hal.o
                0x0800111c                HAL_Init
 .text.HAL_InitTick
                0x08001160       0x38 Drivers\STM32F4xx_HAL_Driver\Src\stm32f4xx_hal.o
                0x08001160                HAL_InitTick
 .text.HAL_IncTick
                0x08001198       0x1c Drivers\STM32F4xx_HAL_Driver\Src\stm32f4xx_hal.o
                0x08001198                HAL_IncTick
 .text.HAL_GetTick
                0x080011b4       0x18 Drivers\STM32F4xx_HAL_Driver\Src\stm32f4xx_hal.o
                0x080011b4                HAL_GetTick
 .text.HAL_Delay
                0x080011cc       0x2c Drivers\STM32F4xx_HAL_Driver\Src\stm32f4xx_hal.o
                0x080011cc                HAL_Delay
 .text.NVIC_SetPriorityGrouping
                0x080011f8       0x48 Drivers\STM32F4xx_HAL_Driver\Src\stm32f4xx_hal_cortex.o
 .text.NVIC_GetPriorityGrouping
                0x08001240       0x1c Drivers\STM32F4xx_HAL_Driver\Src\stm32f4xx_hal_cortex.o
 .text.NVIC_SetPriority
                0x0800125c       0x54 Drivers\STM32F4xx_HAL_Driver\Src\stm32f4xx_hal_cortex.o
 .text.NVIC_EncodePriority
                0x080012b0       0x64 Drivers\STM32F4xx_HAL_Driver\Src\stm32f4xx_hal_cortex.o
 .text.SysTick_Config
                0x08001314       0x44 Drivers\STM32F4xx_HAL_Driver\Src\stm32f4xx_hal_cortex.o
 .text.HAL_NVIC_SetPriorityGrouping
                0x08001358       0x40 Drivers\STM32F4xx_HAL_Driver\Src\stm32f4xx_hal_cortex.o
                0x08001358                HAL_NVIC_SetPriorityGrouping
 .text.HAL_NVIC_SetPriority
                0x08001398       0x58 Drivers\STM32F4xx_HAL_Driver\Src\stm32f4xx_hal_cortex.o
                0x08001398                HAL_NVIC_SetPriority
 .text.HAL_SYSTICK_Config
                0x080013f0       0x18 Drivers\STM32F4xx_HAL_Driver\Src\stm32f4xx_hal_cortex.o
                0x080013f0                HAL_SYSTICK_Config
 .text.HAL_SYSTICK_CLKSourceConfig
                0x08001408       0x50 Drivers\STM32F4xx_HAL_Driver\Src\stm32f4xx_hal_cortex.o
                0x08001408                HAL_SYSTICK_CLKSourceConfig
 .text.HAL_SYSTICK_IRQHandler
                0x08001458        0xc Drivers\STM32F4xx_HAL_Driver\Src\stm32f4xx_hal_cortex.o
                0x08001458                HAL_SYSTICK_IRQHandler
 .text.HAL_SYSTICK_Callback
                0x08001464       0x10 Drivers\STM32F4xx_HAL_Driver\Src\stm32f4xx_hal_cortex.o
                0x08001464                HAL_SYSTICK_Callback
 .text.HAL_GPIO_Init
                0x08001474      0x640 Drivers\STM32F4xx_HAL_Driver\Src\stm32f4xx_hal_gpio.o
                0x08001474                HAL_GPIO_Init
 .text.HAL_RCC_OscConfig
                0x08001ab4      0x618 Drivers\STM32F4xx_HAL_Driver\Src\stm32f4xx_hal_rcc.o
                0x08001ab4                HAL_RCC_OscConfig
 .text.HAL_RCC_ClockConfig
                0x080020cc      0x3a8 Drivers\STM32F4xx_HAL_Driver\Src\stm32f4xx_hal_rcc.o
                0x080020cc                HAL_RCC_ClockConfig
 .text.HAL_RCC_GetSysClockFreq
                0x08002474       0xfc Drivers\STM32F4xx_HAL_Driver\Src\stm32f4xx_hal_rcc.o
                0x08002474                HAL_RCC_GetSysClockFreq
 .text.HAL_RCC_GetHCLKFreq
                0x08002570       0x18 Drivers\STM32F4xx_HAL_Driver\Src\stm32f4xx_hal_rcc.o
                0x08002570                HAL_RCC_GetHCLKFreq
 .text.HAL_RCC_GetPCLK1Freq
                0x08002588       0x44 Drivers\STM32F4xx_HAL_Driver\Src\stm32f4xx_hal_rcc.o
                0x08002588                HAL_RCC_GetPCLK1Freq
 .text.HAL_RCC_GetPCLK2Freq
                0x080025cc       0x44 Drivers\STM32F4xx_HAL_Driver\Src\stm32f4xx_hal_rcc.o
                0x080025cc                HAL_RCC_GetPCLK2Freq
 .text.HAL_SD_Init
                0x08002610       0xec Drivers\STM32F4xx_HAL_Driver\Src\stm32f4xx_hal_sd.o
                0x08002610                HAL_SD_Init
 .text.HAL_SD_ReadBlocks
                0x080026fc      0x2c0 Drivers\STM32F4xx_HAL_Driver\Src\stm32f4xx_hal_sd.o
                0x080026fc                HAL_SD_ReadBlocks
 .text.HAL_SD_WriteBlocks
                0x080029bc      0x398 Drivers\STM32F4xx_HAL_Driver\Src\stm32f4xx_hal_sd.o
                0x080029bc                HAL_SD_WriteBlocks
 .text.HAL_SD_Get_CardInfo
                0x08002d54      0x608 Drivers\STM32F4xx_HAL_Driver\Src\stm32f4xx_hal_sd.o
                0x08002d54                HAL_SD_Get_CardInfo
 .text.HAL_SD_WideBusOperation_Config
                0x0800335c       0xd0 Drivers\STM32F4xx_HAL_Driver\Src\stm32f4xx_hal_sd.o
                0x0800335c                HAL_SD_WideBusOperation_Config
 .text.HAL_SD_StopTransfer
                0x0800342c       0x48 Drivers\STM32F4xx_HAL_Driver\Src\stm32f4xx_hal_sd.o
                0x0800342c                HAL_SD_StopTransfer
 .text.HAL_SD_GetStatus
                0x08003474       0x34 Drivers\STM32F4xx_HAL_Driver\Src\stm32f4xx_hal_sd.o
                0x08003474                HAL_SD_GetStatus
 .text.SD_GetState
                0x080034a8       0x38 Drivers\STM32F4xx_HAL_Driver\Src\stm32f4xx_hal_sd.o
 .text.SD_Initialize_Cards
                0x080034e0      0x188 Drivers\STM32F4xx_HAL_Driver\Src\stm32f4xx_hal_sd.o
 .text.SD_Select_Deselect
                0x08003668       0x54 Drivers\STM32F4xx_HAL_Driver\Src\stm32f4xx_hal_sd.o
 .text.SD_PowerON
                0x080036bc      0x1c8 Drivers\STM32F4xx_HAL_Driver\Src\stm32f4xx_hal_sd.o
 .text.SD_SendStatus
                0x08003884       0x74 Drivers\STM32F4xx_HAL_Driver\Src\stm32f4xx_hal_sd.o
 .text.SD_CmdError
                0x080038f8       0x78 Drivers\STM32F4xx_HAL_Driver\Src\stm32f4xx_hal_sd.o
 .text.SD_CmdResp7Error
                0x08003970       0xb0 Drivers\STM32F4xx_HAL_Driver\Src\stm32f4xx_hal_sd.o
 .text.SD_CmdResp1Error
                0x08003a20      0x1ac Drivers\STM32F4xx_HAL_Driver\Src\stm32f4xx_hal_sd.o
 .text.SD_CmdResp3Error
                0x08003bcc       0x54 Drivers\STM32F4xx_HAL_Driver\Src\stm32f4xx_hal_sd.o
 .text.SD_CmdResp2Error
                0x08003c20       0x70 Drivers\STM32F4xx_HAL_Driver\Src\stm32f4xx_hal_sd.o
 .text.SD_CmdResp6Error
                0x08003c90       0xd8 Drivers\STM32F4xx_HAL_Driver\Src\stm32f4xx_hal_sd.o
 .text.SD_WideBus_Enable
                0x08003d68       0xf0 Drivers\STM32F4xx_HAL_Driver\Src\stm32f4xx_hal_sd.o
 .text.SD_WideBus_Disable
                0x08003e58       0xf0 Drivers\STM32F4xx_HAL_Driver\Src\stm32f4xx_hal_sd.o
 .text.SD_FindSCR
                0x08003f48      0x218 Drivers\STM32F4xx_HAL_Driver\Src\stm32f4xx_hal_sd.o
 .text.SD_IsCardProgramming
                0x08004160      0x1f8 Drivers\STM32F4xx_HAL_Driver\Src\stm32f4xx_hal_sd.o
 .text.HAL_UART_Init
                0x08004358      0x1bc Drivers\STM32F4xx_HAL_Driver\Src\stm32f4xx_hal_uart.o
                0x08004358                HAL_UART_Init
 .text.UART_SetConfig
                0x08004514      0x4c0 Drivers\STM32F4xx_HAL_Driver\Src\stm32f4xx_hal_uart.o
 .text.SDIO_Init
                0x080049d4       0xf4 Drivers\STM32F4xx_HAL_Driver\Src\stm32f4xx_ll_sdmmc.o
                0x080049d4                SDIO_Init
 .text.SDIO_ReadFIFO
                0x08004ac8       0x1c Drivers\STM32F4xx_HAL_Driver\Src\stm32f4xx_ll_sdmmc.o
                0x08004ac8                SDIO_ReadFIFO
 .text.SDIO_WriteFIFO
                0x08004ae4       0x24 Drivers\STM32F4xx_HAL_Driver\Src\stm32f4xx_ll_sdmmc.o
                0x08004ae4                SDIO_WriteFIFO
 .text.SDIO_PowerState_ON
                0x08004b08       0x1c Drivers\STM32F4xx_HAL_Driver\Src\stm32f4xx_ll_sdmmc.o
                0x08004b08                SDIO_PowerState_ON
 .text.SDIO_GetPowerState
                0x08004b24       0x1c Drivers\STM32F4xx_HAL_Driver\Src\stm32f4xx_ll_sdmmc.o
                0x08004b24                SDIO_GetPowerState
 .text.SDIO_SendCommand
                0x08004b40       0xcc Drivers\STM32F4xx_HAL_Driver\Src\stm32f4xx_ll_sdmmc.o
                0x08004b40                SDIO_SendCommand
 .text.SDIO_GetCommandResponse
                0x08004c0c       0x1c Drivers\STM32F4xx_HAL_Driver\Src\stm32f4xx_ll_sdmmc.o
                0x08004c0c                SDIO_GetCommandResponse
 .text.SDIO_GetResponse
                0x08004c28       0x4c Drivers\STM32F4xx_HAL_Driver\Src\stm32f4xx_ll_sdmmc.o
                0x08004c28                SDIO_GetResponse
 .text.SDIO_DataConfig
                0x08004c74      0x13c Drivers\STM32F4xx_HAL_Driver\Src\stm32f4xx_ll_sdmmc.o
                0x08004c74                SDIO_DataConfig
 .text.disk_status
                0x08004db0       0x34 Middlewares\Third_Party\FatFs\src\diskio.o
                0x08004db0                disk_status
 .text.disk_initialize
                0x08004de4       0x4c Middlewares\Third_Party\FatFs\src\diskio.o
                0x08004de4                disk_initialize
 .text.disk_read
                0x08004e30       0x40 Middlewares\Third_Party\FatFs\src\diskio.o
                0x08004e30                disk_read
 .text.disk_write
                0x08004e70       0x40 Middlewares\Third_Party\FatFs\src\diskio.o
                0x08004e70                disk_write
 .text.disk_ioctl
                0x08004eb0       0x3c Middlewares\Third_Party\FatFs\src\diskio.o
                0x08004eb0                disk_ioctl
 .text.SD_initialize
                0x08004eec       0x3c Middlewares\Third_Party\FatFs\src\drivers\sd_diskio.o
                0x08004eec                SD_initialize
 .text.SD_status
                0x08004f28       0x3c Middlewares\Third_Party\FatFs\src\drivers\sd_diskio.o
                0x08004f28                SD_status
 .text.SD_read  0x08004f64       0x44 Middlewares\Third_Party\FatFs\src\drivers\sd_diskio.o
                0x08004f64                SD_read
 .text.SD_write
                0x08004fa8       0x44 Middlewares\Third_Party\FatFs\src\drivers\sd_diskio.o
                0x08004fa8                SD_write
 .text.SD_ioctl
                0x08004fec       0xa0 Middlewares\Third_Party\FatFs\src\drivers\sd_diskio.o
                0x08004fec                SD_ioctl
 .text.mem_cpy  0x0800508c       0x3c Middlewares\Third_Party\FatFs\src\ff.o
 .text.mem_set  0x080050c8       0x34 Middlewares\Third_Party\FatFs\src\ff.o
 .text.mem_cmp  0x080050fc       0x50 Middlewares\Third_Party\FatFs\src\ff.o
 .text.chk_chr  0x0800514c       0x38 Middlewares\Third_Party\FatFs\src\ff.o
 .text.chk_lock
                0x08005184       0xdc Middlewares\Third_Party\FatFs\src\ff.o
 .text.enq_lock
                0x08005260       0x48 Middlewares\Third_Party\FatFs\src\ff.o
 .text.inc_lock
                0x080052a8      0x170 Middlewares\Third_Party\FatFs\src\ff.o
 .text.dec_lock
                0x08005418       0x88 Middlewares\Third_Party\FatFs\src\ff.o
 .text.clear_lock
                0x080054a0       0x54 Middlewares\Third_Party\FatFs\src\ff.o
 .text.sync_window
                0x080054f4       0x94 Middlewares\Third_Party\FatFs\src\ff.o
 .text.move_window
                0x08005588       0x5c Middlewares\Third_Party\FatFs\src\ff.o
 .text.sync_fs  0x080055e4      0x150 Middlewares\Third_Party\FatFs\src\ff.o
 .text.clust2sect
                0x08005734       0x44 Middlewares\Third_Party\FatFs\src\ff.o
                0x08005734                clust2sect
 .text.get_fat  0x08005778      0x170 Middlewares\Third_Party\FatFs\src\ff.o
                0x08005778                get_fat
 .text.put_fat  0x080058e8      0x214 Middlewares\Third_Party\FatFs\src\ff.o
                0x080058e8                put_fat
 .text.remove_chain
                0x08005afc       0xb4 Middlewares\Third_Party\FatFs\src\ff.o
 .text.create_chain
                0x08005bb0      0x13c Middlewares\Third_Party\FatFs\src\ff.o
 .text.clmt_clust
                0x08005cec       0x6c Middlewares\Third_Party\FatFs\src\ff.o
 .text.dir_sdi  0x08005d58      0x128 Middlewares\Third_Party\FatFs\src\ff.o
 .text.dir_next
                0x08005e80      0x1f0 Middlewares\Third_Party\FatFs\src\ff.o
 .text.dir_alloc
                0x08006070       0x94 Middlewares\Third_Party\FatFs\src\ff.o
 .text.ld_clust
                0x08006104       0x5c Middlewares\Third_Party\FatFs\src\ff.o
 .text.st_clust
                0x08006160       0x48 Middlewares\Third_Party\FatFs\src\ff.o
 .text.dir_find
                0x080061a8       0xa0 Middlewares\Third_Party\FatFs\src\ff.o
 .text.dir_register
                0x08006248       0x74 Middlewares\Third_Party\FatFs\src\ff.o
 .text.create_name
                0x080062bc      0x180 Middlewares\Third_Party\FatFs\src\ff.o
 .text.follow_path
                0x0800643c       0xdc Middlewares\Third_Party\FatFs\src\ff.o
 .text.get_ldnumber
                0x08006518       0x88 Middlewares\Third_Party\FatFs\src\ff.o
 .text.check_fs
                0x080065a0       0xd4 Middlewares\Third_Party\FatFs\src\ff.o
 .text.find_volume
                0x08006674      0x594 Middlewares\Third_Party\FatFs\src\ff.o
 .text.validate
                0x08006c08       0x68 Middlewares\Third_Party\FatFs\src\ff.o
 .text.f_open   0x08006c70      0x414 Middlewares\Third_Party\FatFs\src\ff.o
                0x08006c70                f_open
 .text.f_read   0x08007084      0x2d8 Middlewares\Third_Party\FatFs\src\ff.o
                0x08007084                f_read
 .text.f_write  0x0800735c      0x35c Middlewares\Third_Party\FatFs\src\ff.o
                0x0800735c                f_write
 .text.f_sync   0x080076b8      0x16c Middlewares\Third_Party\FatFs\src\ff.o
                0x080076b8                f_sync
 .text.f_close  0x08007824       0x50 Middlewares\Third_Party\FatFs\src\ff.o
                0x08007824                f_close
 .text.f_mkfs   0x08007874      0x90c Middlewares\Third_Party\FatFs\src\ff.o
                0x08007874                f_mkfs
 .text.FATFS_LinkDriverEx
                0x08008180       0x98 Middlewares\Third_Party\FatFs\src\ff_gen_drv.o
                0x08008180                FATFS_LinkDriverEx
 .text.FATFS_LinkDriver
                0x08008218       0x20 Middlewares\Third_Party\FatFs\src\ff_gen_drv.o
                0x08008218                FATFS_LinkDriver
 .text.FATFS_UnLinkDriverEx
                0x08008238       0x70 Middlewares\Third_Party\FatFs\src\ff_gen_drv.o
                0x08008238                FATFS_UnLinkDriverEx
 .text.FATFS_UnLinkDriver
                0x080082a8       0x1c Middlewares\Third_Party\FatFs\src\ff_gen_drv.o
                0x080082a8                FATFS_UnLinkDriver
 .text.BSP_SD_Init
                0x080082c4       0x58 Src\bsp_driver_sd.o
                0x080082c4                BSP_SD_Init
 .text.BSP_SD_ReadBlocks
                0x0800831c       0x40 Src\bsp_driver_sd.o
                0x0800831c                BSP_SD_ReadBlocks
 .text.BSP_SD_WriteBlocks
                0x0800835c       0x40 Src\bsp_driver_sd.o
                0x0800835c                BSP_SD_WriteBlocks
 .text.BSP_SD_GetStatus
                0x0800839c       0x14 Src\bsp_driver_sd.o
                0x0800839c                BSP_SD_GetStatus
 .text.BSP_SD_GetCardInfo
                0x080083b0       0x1c Src\bsp_driver_sd.o
                0x080083b0                BSP_SD_GetCardInfo
 .text.BSP_SD_IsDetected
                0x080083cc       0x1c Src\bsp_driver_sd.o
                0x080083cc                BSP_SD_IsDetected
 .text.get_fattime
                0x080083e8       0x10 Src\fatfs.o
                0x080083e8                get_fattime
 .text.MX_GPIO_Init
                0x080083f8       0x88 Src\gpio.o
                0x080083f8                MX_GPIO_Init
 .text._Z10TestSDCardv
                0x08008480      0x124 Src\main.o
                0x08008480                TestSDCard()
 .text.main     0x080085a4       0x20 Src\main.o
                0x080085a4                main
 .text._Z18SystemClock_Configv
                0x080085c4       0xf4 Src\main.o
                0x080085c4                SystemClock_Config()
 .text.Error_Handler
                0x080086b8        0x8 Src\main.o
                0x080086b8                Error_Handler
 .text.assert_failed
                0x080086c0       0x18 Src\main.o
                0x080086c0                assert_failed
 .text.MX_SDIO_SD_Init
                0x080086d8       0x40 Src\sdio.o
                0x080086d8                MX_SDIO_SD_Init
 .text.HAL_SD_MspInit
                0x08008718       0x88 Src\sdio.o
                0x08008718                HAL_SD_MspInit
 .text.HAL_MspInit
                0x080087a0       0x64 Src\stm32f4xx_hal_msp.o
                0x080087a0                HAL_MspInit
 .text.NMI_Handler
                0x08008804       0x10 Src\stm32f4xx_it.o
                0x08008804                NMI_Handler
 .text.HardFault_Handler
                0x08008814        0x8 Src\stm32f4xx_it.o
                0x08008814                HardFault_Handler
 .text.MemManage_Handler
                0x0800881c        0x8 Src\stm32f4xx_it.o
                0x0800881c                MemManage_Handler
 .text.BusFault_Handler
                0x08008824        0x8 Src\stm32f4xx_it.o
                0x08008824                BusFault_Handler
 .text.UsageFault_Handler
                0x0800882c        0x8 Src\stm32f4xx_it.o
                0x0800882c                UsageFault_Handler
 .text.SVC_Handler
                0x08008834       0x10 Src\stm32f4xx_it.o
                0x08008834                SVC_Handler
 .text.DebugMon_Handler
                0x08008844       0x10 Src\stm32f4xx_it.o
                0x08008844                DebugMon_Handler
 .text.PendSV_Handler
                0x08008854       0x10 Src\stm32f4xx_it.o
                0x08008854                PendSV_Handler
 .text.SysTick_Handler
                0x08008864       0x10 Src\stm32f4xx_it.o
                0x08008864                SysTick_Handler
 .text.SystemInit
                0x08008874       0x6c Src\system_stm32f4xx.o
                0x08008874                SystemInit
 .text.MX_USART1_UART_Init
                0x080088e0       0x54 Src\usart.o
                0x080088e0                MX_USART1_UART_Init
 .text.HAL_UART_MspInit
                0x08008934       0x64 Src\usart.o
                0x08008934                HAL_UART_MspInit
 .text.__libc_init_array
                0x08008998       0x4c c:/program files (x86)/atollic/truestudio for arm 7.0.0/armtools/bin/../lib/gcc/arm-atollic-eabi/5.3.1/../../../../arm-atollic-eabi/lib/armv7e-m/fpu\libc.a(lib_a-init.o)
                0x08008998                __libc_init_array
 .text.abort    0x080089e4        0xe c:/program files (x86)/atollic/truestudio for arm 7.0.0/armtools/bin/../lib/gcc/arm-atollic-eabi/5.3.1/../../../../arm-atollic-eabi/lib/armv7e-m/fpu\libc.a(lib_a-abort.o)
                0x080089e4                abort
 .text.memcpy   0x080089f2       0x16 c:/program files (x86)/atollic/truestudio for arm 7.0.0/armtools/bin/../lib/gcc/arm-atollic-eabi/5.3.1/../../../../arm-atollic-eabi/lib/armv7e-m/fpu\libc.a(lib_a-memcpy-stub.o)
                0x080089f2                memcpy
 .text._raise_r
                0x08008a08       0x54 c:/program files (x86)/atollic/truestudio for arm 7.0.0/armtools/bin/../lib/gcc/arm-atollic-eabi/5.3.1/../../../../arm-atollic-eabi/lib/armv7e-m/fpu\libc.a(lib_a-signal.o)
                0x08008a08                _raise_r
 .text.raise    0x08008a5c       0x10 c:/program files (x86)/atollic/truestudio for arm 7.0.0/armtools/bin/../lib/gcc/arm-atollic-eabi/5.3.1/../../../../arm-atollic-eabi/lib/armv7e-m/fpu\libc.a(lib_a-signal.o)
                0x08008a5c                raise
 .text._kill_r  0x08008a6c       0x24 c:/program files (x86)/atollic/truestudio for arm 7.0.0/armtools/bin/../lib/gcc/arm-atollic-eabi/5.3.1/../../../../arm-atollic-eabi/lib/armv7e-m/fpu\libc.a(lib_a-signalr.o)
                0x08008a6c                _kill_r
 .text._getpid_r
                0x08008a90        0x4 c:/program files (x86)/atollic/truestudio for arm 7.0.0/armtools/bin/../lib/gcc/arm-atollic-eabi/5.3.1/../../../../arm-atollic-eabi/lib/armv7e-m/fpu\libc.a(lib_a-signalr.o)
                0x08008a90                _getpid_r
 .text._getpid  0x08008a94       0x10 c:/program files (x86)/atollic/truestudio for arm 7.0.0/armtools/bin/../lib/gcc/arm-atollic-eabi/5.3.1/../../../../arm-atollic-eabi/lib/armv7e-m/fpu\libnosys.a(getpid.o)
                0x08008a94                _getpid
 .text._kill    0x08008aa4       0x10 c:/program files (x86)/atollic/truestudio for arm 7.0.0/armtools/bin/../lib/gcc/arm-atollic-eabi/5.3.1/../../../../arm-atollic-eabi/lib/armv7e-m/fpu\libnosys.a(kill.o)
                0x08008aa4                _kill
 .text._exit    0x08008ab4        0x2 c:/program files (x86)/atollic/truestudio for arm 7.0.0/armtools/bin/../lib/gcc/arm-atollic-eabi/5.3.1/../../../../arm-atollic-eabi/lib/armv7e-m/fpu\libnosys.a(_exit.o)
                0x08008ab4                _exit
 *(.glue_7)
 .glue_7        0x08008ab6        0x0 linker stubs
 *(.glue_7t)
 .glue_7t       0x08008ab6        0x0 linker stubs
 *(.eh_frame)
 *fill*         0x08008ab6        0x2 
 .eh_frame      0x08008ab8        0x0 c:/program files (x86)/atollic/truestudio for arm 7.0.0/armtools/bin/../lib/gcc/arm-atollic-eabi/5.3.1/armv7e-m/fpu/crtbegin.o
 *(.init)
 .init          0x08008ab8        0x4 c:/program files (x86)/atollic/truestudio for arm 7.0.0/armtools/bin/../lib/gcc/arm-atollic-eabi/5.3.1/armv7e-m/fpu/crti.o
                0x08008ab8                _init
 .init          0x08008abc        0x8 c:/program files (x86)/atollic/truestudio for arm 7.0.0/armtools/bin/../lib/gcc/arm-atollic-eabi/5.3.1/armv7e-m/fpu/crtn.o
 *(.fini)
 .fini          0x08008ac4        0x4 c:/program files (x86)/atollic/truestudio for arm 7.0.0/armtools/bin/../lib/gcc/arm-atollic-eabi/5.3.1/armv7e-m/fpu/crti.o
                0x08008ac4                _fini
 .fini          0x08008ac8        0x8 c:/program files (x86)/atollic/truestudio for arm 7.0.0/armtools/bin/../lib/gcc/arm-atollic-eabi/5.3.1/armv7e-m/fpu/crtn.o
                0x08008ad0                . = ALIGN (0x4)
                0x08008ad0                _etext = .

.vfp11_veneer   0x08008ad0        0x0
 .vfp11_veneer  0x08008ad0        0x0 linker stubs

.v4_bx          0x08008ad0        0x0
 .v4_bx         0x08008ad0        0x0 linker stubs

.iplt           0x08008ad0        0x0
 .iplt          0x08008ad0        0x0 c:/program files (x86)/atollic/truestudio for arm 7.0.0/armtools/bin/../lib/gcc/arm-atollic-eabi/5.3.1/armv7e-m/fpu/crtbegin.o

.rodata         0x08008ad0      0x270
                0x08008ad0                . = ALIGN (0x4)
 *(.rodata)
 .rodata        0x08008ad0       0x3b Drivers\STM32F4xx_HAL_Driver\Src\stm32f4xx_hal_cortex.o
 *fill*         0x08008b0b        0x1 
 .rodata        0x08008b0c       0x39 Drivers\STM32F4xx_HAL_Driver\Src\stm32f4xx_hal_gpio.o
 *fill*         0x08008b45        0x3 
 .rodata        0x08008b48       0x38 Drivers\STM32F4xx_HAL_Driver\Src\stm32f4xx_hal_rcc.o
 .rodata        0x08008b80       0x39 Drivers\STM32F4xx_HAL_Driver\Src\stm32f4xx_hal_uart.o
 *fill*         0x08008bb9        0x3 
 .rodata        0x08008bbc       0x39 Drivers\STM32F4xx_HAL_Driver\Src\stm32f4xx_ll_sdmmc.o
 *fill*         0x08008bf5        0x3 
 .rodata        0x08008bf8       0x44 Middlewares\Third_Party\FatFs\src\ff.o
 .rodata        0x08008c3c       0x2d Src\main.o
 *(.rodata*)
 *fill*         0x08008c69        0x3 
 .rodata.APBAHBPrescTable
                0x08008c6c       0x10 Drivers\STM32F4xx_HAL_Driver\Src\stm32f4xx_hal_rcc.o
                0x08008c6c                APBAHBPrescTable
 .rodata.SD_Driver
                0x08008c7c       0x14 Middlewares\Third_Party\FatFs\src\drivers\sd_diskio.o
                0x08008c7c                SD_Driver
 .rodata.ExCvt  0x08008c90       0x80 Middlewares\Third_Party\FatFs\src\ff.o
 .rodata.vst.8325
                0x08008d10       0x16 Middlewares\Third_Party\FatFs\src\ff.o
 *fill*         0x08008d26        0x2 
 .rodata.cst.8326
                0x08008d28       0x16 Middlewares\Third_Party\FatFs\src\ff.o
 .rodata.str1.1
                0x08008d3e        0x2 c:/program files (x86)/atollic/truestudio for arm 7.0.0/armtools/bin/../lib/gcc/arm-atollic-eabi/5.3.1/../../../../arm-atollic-eabi/lib/armv7e-m/fpu\libc.a(lib_a-impure.o)
                0x08008d40                . = ALIGN (0x4)

.ARM.extab      0x08008d40       0x30
 *(.ARM.extab* .gnu.linkonce.armextab.*)
 .ARM.extab.text._Z10TestSDCardv
                0x08008d40        0xc Src\main.o
 .ARM.extab.text._Z18SystemClock_Configv
                0x08008d4c        0xc Src\main.o
 .ARM.extab     0x08008d58       0x18 c:/program files (x86)/atollic/truestudio for arm 7.0.0/armtools/bin/../lib/gcc/arm-atollic-eabi/5.3.1/armv7e-m/fpu\libgcc.a(pr-support.o)

.ARM            0x08008d70       0xd8
                0x08008d70                __exidx_start = .
 *(.ARM.exidx*)
 .ARM.exidx.text._Z10TestSDCardv
                0x08008e28        0x8 Src\main.o
 .ARM.exidx.text.main
                0x08008e30        0x8 Src\main.o
 .ARM.exidx.text._Z18SystemClock_Configv
                0x08008e38        0x8 Src\main.o
 .ARM.exidx.text.Error_Handler
                0x08008e40        0x8 Src\main.o
 .ARM.exidx.text.assert_failed
                0x08008e48        0x0 Src\main.o
                                  0x8 (size before relaxing)
 .ARM.exidx     0x08008d70       0x80 c:/program files (x86)/atollic/truestudio for arm 7.0.0/armtools/bin/../lib/gcc/arm-atollic-eabi/5.3.1/armv7e-m/fpu\libgcc.a(unwind-arm.o)
                                 0xd8 (size before relaxing)
 .ARM.exidx     0x08008df0       0x38 c:/program files (x86)/atollic/truestudio for arm 7.0.0/armtools/bin/../lib/gcc/arm-atollic-eabi/5.3.1/armv7e-m/fpu\libgcc.a(pr-support.o)
                                 0x48 (size before relaxing)
                0x08008e48                __exidx_end = .

.rel.dyn        0x08008e48        0x0
 .rel.iplt      0x08008e48        0x0 c:/program files (x86)/atollic/truestudio for arm 7.0.0/armtools/bin/../lib/gcc/arm-atollic-eabi/5.3.1/armv7e-m/fpu/crtbegin.o

.preinit_array  0x08008e48        0x0
                0x08008e48                PROVIDE (__preinit_array_start, .)
 *(.preinit_array*)
                0x08008e48                PROVIDE (__preinit_array_end, .)

.init_array     0x08008e48        0x4
                0x08008e48                PROVIDE (__init_array_start, .)
 *(SORT(.init_array.*))
 *(.init_array*)
 .init_array    0x08008e48        0x4 c:/program files (x86)/atollic/truestudio for arm 7.0.0/armtools/bin/../lib/gcc/arm-atollic-eabi/5.3.1/armv7e-m/fpu/crtbegin.o
                0x08008e4c                PROVIDE (__init_array_end, .)

.fini_array     0x08008e4c        0x4
                [!provide]                PROVIDE (__fini_array_start, .)
 *(SORT(.fini_array.*))
 *(.fini_array*)
 .fini_array    0x08008e4c        0x4 c:/program files (x86)/atollic/truestudio for arm 7.0.0/armtools/bin/../lib/gcc/arm-atollic-eabi/5.3.1/armv7e-m/fpu/crtbegin.o
                [!provide]                PROVIDE (__fini_array_end, .)
                0x08008e50                _sidata = LOADADDR (.data)

.data           0x20000000       0xfc load address 0x08008e50
                0x20000000                . = ALIGN (0x4)
                0x20000000                _sdata = .
 *(.data)
 *(.data*)
 .data.Stat     0x20000000        0x1 Middlewares\Third_Party\FatFs\src\drivers\sd_diskio.o
 *fill*         0x20000001        0x3 
 .data.SystemCoreClock
                0x20000004        0x4 Src\system_stm32f4xx.o
                0x20000004                SystemCoreClock
 .data.impure_data
                0x20000008       0xf0 c:/program files (x86)/atollic/truestudio for arm 7.0.0/armtools/bin/../lib/gcc/arm-atollic-eabi/5.3.1/../../../../arm-atollic-eabi/lib/armv7e-m/fpu\libc.a(lib_a-impure.o)
 .data._impure_ptr
                0x200000f8        0x4 c:/program files (x86)/atollic/truestudio for arm 7.0.0/armtools/bin/../lib/gcc/arm-atollic-eabi/5.3.1/../../../../arm-atollic-eabi/lib/armv7e-m/fpu\libc.a(lib_a-impure.o)
                0x200000f8                _impure_ptr
                0x200000fc                . = ALIGN (0x4)
                0x200000fc                _edata = .
                0x08008f4c                _siccmram = LOADADDR (.ccmram)

.igot.plt       0x200000fc        0x0 load address 0x08008f4c
 .igot.plt      0x200000fc        0x0 c:/program files (x86)/atollic/truestudio for arm 7.0.0/armtools/bin/../lib/gcc/arm-atollic-eabi/5.3.1/armv7e-m/fpu/crtbegin.o

.ccmram         0x10000000        0x0 load address 0x08008f4c
                0x10000000                . = ALIGN (0x4)
                0x10000000                _sccmram = .
 *(.ccmram)
 *(.ccmram*)
                0x10000000                . = ALIGN (0x4)
                0x10000000                _eccmram = .
                0x10000000                . = ALIGN (0x4)

.bss            0x20000100      0x5ac
                0x20000100                _sbss = .
                0x20000100                __bss_start__ = _sbss
 *(.bss)
 .bss           0x20000100       0x1c c:/program files (x86)/atollic/truestudio for arm 7.0.0/armtools/bin/../lib/gcc/arm-atollic-eabi/5.3.1/armv7e-m/fpu/crtbegin.o
 .bss           0x2000011c      0x460 Src\main.o
                0x2000011c                SDFatFs
                0x2000034c                MyFile
                0x20000578                SDPath
 *(.bss*)
 .bss.FatFs     0x2000057c        0x4 Middlewares\Third_Party\FatFs\src\ff.o
 .bss.Fsid      0x20000580        0x2 Middlewares\Third_Party\FatFs\src\ff.o
 *fill*         0x20000582        0x2 
 .bss.Files     0x20000584       0x18 Middlewares\Third_Party\FatFs\src\ff.o
 .bss.disk      0x2000059c        0xc Middlewares\Third_Party\FatFs\src\ff_gen_drv.o
                0x2000059c                disk
 *(COMMON)
 COMMON         0x200005a8        0x4 Drivers\STM32F4xx_HAL_Driver\Src\stm32f4xx_hal.o
                0x200005a8                uwTick
 *fill*         0x200005ac        0x4 
 COMMON         0x200005b0       0xb8 Src\sdio.o
                0x200005b0                SDCardInfo
                0x20000608                hsd
 COMMON         0x20000668       0x40 Src\usart.o
                0x20000668                huart1
 COMMON         0x200006a8        0x4 c:/program files (x86)/atollic/truestudio for arm 7.0.0/armtools/bin/../lib/gcc/arm-atollic-eabi/5.3.1/../../../../arm-atollic-eabi/lib/armv7e-m/fpu\libc.a(lib_a-reent.o)
                0x200006a8                errno
                0x200006ac                . = ALIGN (0x4)
                0x200006ac                _ebss = .
                0x200006ac                __bss_end__ = _ebss

._user_heap_stack
                0x200006ac      0x600
                0x200006ac                . = ALIGN (0x4)
                0x200006ac                PROVIDE (end, .)
                [!provide]                PROVIDE (_end, .)
                0x200008ac                . = (. + _Min_Heap_Size)
 *fill*         0x200006ac      0x200 
                0x20000cac                . = (. + _Min_Stack_Size)
 *fill*         0x200008ac      0x400 
                0x20000cac                . = ALIGN (0x4)

/DISCARD/
 libc.a(*)
 libm.a(*)
 libgcc.a(*)

.ARM.attributes
                0x00000000       0x30
 *(.ARM.attributes)
 .ARM.attributes
                0x00000000       0x22 c:/program files (x86)/atollic/truestudio for arm 7.0.0/armtools/bin/../lib/gcc/arm-atollic-eabi/5.3.1/armv7e-m/fpu/crti.o
 .ARM.attributes
                0x00000022       0x34 c:/program files (x86)/atollic/truestudio for arm 7.0.0/armtools/bin/../lib/gcc/arm-atollic-eabi/5.3.1/armv7e-m/fpu/crtbegin.o
 .ARM.attributes
                0x00000056       0x21 Drivers\CMSIS\Device\ST\STM32F4xx\Source\Templates\gcc\startup_stm32f437xx.o
 .ARM.attributes
                0x00000077       0x39 Drivers\STM32F4xx_HAL_Driver\Src\stm32f4xx_hal.o
 .ARM.attributes
                0x000000b0       0x39 Drivers\STM32F4xx_HAL_Driver\Src\stm32f4xx_hal_cortex.o
 .ARM.attributes
                0x000000e9       0x39 Drivers\STM32F4xx_HAL_Driver\Src\stm32f4xx_hal_gpio.o
 .ARM.attributes
                0x00000122       0x39 Drivers\STM32F4xx_HAL_Driver\Src\stm32f4xx_hal_rcc.o
 .ARM.attributes
                0x0000015b       0x39 Drivers\STM32F4xx_HAL_Driver\Src\stm32f4xx_hal_sd.o
 .ARM.attributes
                0x00000194       0x39 Drivers\STM32F4xx_HAL_Driver\Src\stm32f4xx_hal_uart.o
 .ARM.attributes
                0x000001cd       0x39 Drivers\STM32F4xx_HAL_Driver\Src\stm32f4xx_ll_sdmmc.o
 .ARM.attributes
                0x00000206       0x39 Middlewares\Third_Party\FatFs\src\diskio.o
 .ARM.attributes
                0x0000023f       0x39 Middlewares\Third_Party\FatFs\src\drivers\sd_diskio.o
 .ARM.attributes
                0x00000278       0x39 Middlewares\Third_Party\FatFs\src\ff.o
 .ARM.attributes
                0x000002b1       0x39 Middlewares\Third_Party\FatFs\src\ff_gen_drv.o
 .ARM.attributes
                0x000002ea       0x39 Src\bsp_driver_sd.o
 .ARM.attributes
                0x00000323       0x39 Src\fatfs.o
 .ARM.attributes
                0x0000035c       0x39 Src\gpio.o
 .ARM.attributes
                0x00000395       0x39 Src\main.o
 .ARM.attributes
                0x000003ce       0x39 Src\sdio.o
 .ARM.attributes
                0x00000407       0x39 Src\stm32f4xx_hal_msp.o
 .ARM.attributes
                0x00000440       0x39 Src\stm32f4xx_it.o
 .ARM.attributes
                0x00000479       0x39 Src\system_stm32f4xx.o
 .ARM.attributes
                0x000004b2       0x39 Src\usart.o
 .ARM.attributes
                0x000004eb       0x34 c:/program files (x86)/atollic/truestudio for arm 7.0.0/armtools/bin/../lib/gcc/arm-atollic-eabi/5.3.1/../../../../arm-atollic-eabi/lib/armv7e-m/fpu\libc.a(lib_a-init.o)
 .ARM.attributes
                0x0000051f       0x22 c:/program files (x86)/atollic/truestudio for arm 7.0.0/armtools/bin/../lib/gcc/arm-atollic-eabi/5.3.1/armv7e-m/fpu/crtn.o
OUTPUT(cppPrintf_v0_2.elf elf32-littlearm)

.debug_line     0x00000000     0x63e6
 .debug_line    0x00000000       0xae Drivers\CMSIS\Device\ST\STM32F4xx\Source\Templates\gcc\startup_stm32f437xx.o
 .debug_line    0x000000ae      0x3f2 Drivers\STM32F4xx_HAL_Driver\Src\stm32f4xx_hal.o
 .debug_line    0x000004a0      0x68e Drivers\STM32F4xx_HAL_Driver\Src\stm32f4xx_hal_cortex.o
 .debug_line    0x00000b2e      0x5f5 Drivers\STM32F4xx_HAL_Driver\Src\stm32f4xx_hal_gpio.o
 .debug_line    0x00001123      0x755 Drivers\STM32F4xx_HAL_Driver\Src\stm32f4xx_hal_rcc.o
 .debug_line    0x00001878      0xc2c Drivers\STM32F4xx_HAL_Driver\Src\stm32f4xx_hal_sd.o
 .debug_line    0x000024a4      0xd2a Drivers\STM32F4xx_HAL_Driver\Src\stm32f4xx_hal_uart.o
 .debug_line    0x000031ce      0x439 Drivers\STM32F4xx_HAL_Driver\Src\stm32f4xx_ll_sdmmc.o
 .debug_line    0x00003607      0x1f2 Middlewares\Third_Party\FatFs\src\diskio.o
 .debug_line    0x000037f9      0x269 Middlewares\Third_Party\FatFs\src\drivers\sd_diskio.o
 .debug_line    0x00003a62     0x13e5 Middlewares\Third_Party\FatFs\src\ff.o
 .debug_line    0x00004e47      0x1f1 Middlewares\Third_Party\FatFs\src\ff_gen_drv.o
 .debug_line    0x00005038      0x325 Src\bsp_driver_sd.o
 .debug_line    0x0000535d      0x1e1 Src\fatfs.o
 .debug_line    0x0000553e      0x186 Src\gpio.o
 .debug_line    0x000056c4      0x355 Src\main.o
 .debug_line    0x00005a19      0x259 Src\sdio.o
 .debug_line    0x00005c72      0x197 Src\stm32f4xx_hal_msp.o
 .debug_line    0x00005e09      0x1e0 Src\stm32f4xx_it.o
 .debug_line    0x00005fe9      0x1bf Src\system_stm32f4xx.o
 .debug_line    0x000061a8      0x23e Src\usart.o

.debug_info     0x00000000     0xc8c4
 .debug_info    0x00000000       0xad Drivers\CMSIS\Device\ST\STM32F4xx\Source\Templates\gcc\startup_stm32f437xx.o
 .debug_info    0x000000ad      0x91e Drivers\STM32F4xx_HAL_Driver\Src\stm32f4xx_hal.o
 .debug_info    0x000009cb      0xd62 Drivers\STM32F4xx_HAL_Driver\Src\stm32f4xx_hal_cortex.o
 .debug_info    0x0000172d      0x735 Drivers\STM32F4xx_HAL_Driver\Src\stm32f4xx_hal_gpio.o
 .debug_info    0x00001e62      0xb4e Drivers\STM32F4xx_HAL_Driver\Src\stm32f4xx_hal_rcc.o
 .debug_info    0x000029b0     0x1b5a Drivers\STM32F4xx_HAL_Driver\Src\stm32f4xx_hal_sd.o
 .debug_info    0x0000450a     0x116f Drivers\STM32F4xx_HAL_Driver\Src\stm32f4xx_hal_uart.o
 .debug_info    0x00005679      0x5fe Drivers\STM32F4xx_HAL_Driver\Src\stm32f4xx_ll_sdmmc.o
 .debug_info    0x00005c77      0x40c Middlewares\Third_Party\FatFs\src\diskio.o
 .debug_info    0x00006083      0x6b3 Middlewares\Third_Party\FatFs\src\drivers\sd_diskio.o
 .debug_info    0x00006736     0x20ac Middlewares\Third_Party\FatFs\src\ff.o
 .debug_info    0x000087e2      0x3c0 Middlewares\Third_Party\FatFs\src\ff_gen_drv.o
 .debug_info    0x00008ba2      0xc87 Src\bsp_driver_sd.o
 .debug_info    0x00009829      0x278 Src\fatfs.o
 .debug_info    0x00009aa1      0x30a Src\gpio.o
 .debug_info    0x00009dab      0xd3f Src\main.o
 .debug_info    0x0000aaea      0xbc5 Src\sdio.o
 .debug_info    0x0000b6af      0x322 Src\stm32f4xx_hal_msp.o
 .debug_info    0x0000b9d1      0x141 Src\stm32f4xx_it.o
 .debug_info    0x0000bb12      0x511 Src\system_stm32f4xx.o
 .debug_info    0x0000c023      0x8a1 Src\usart.o

.debug_abbrev   0x00000000     0x2074
 .debug_abbrev  0x00000000       0x12 Drivers\CMSIS\Device\ST\STM32F4xx\Source\Templates\gcc\startup_stm32f437xx.o
 .debug_abbrev  0x00000012      0x20c Drivers\STM32F4xx_HAL_Driver\Src\stm32f4xx_hal.o
 .debug_abbrev  0x0000021e      0x2af Drivers\STM32F4xx_HAL_Driver\Src\stm32f4xx_hal_cortex.o
 .debug_abbrev  0x000004cd      0x1ac Drivers\STM32F4xx_HAL_Driver\Src\stm32f4xx_hal_gpio.o
 .debug_abbrev  0x00000679      0x2b0 Drivers\STM32F4xx_HAL_Driver\Src\stm32f4xx_hal_rcc.o
 .debug_abbrev  0x00000929      0x21e Drivers\STM32F4xx_HAL_Driver\Src\stm32f4xx_hal_sd.o
 .debug_abbrev  0x00000b47      0x224 Drivers\STM32F4xx_HAL_Driver\Src\stm32f4xx_hal_uart.o
 .debug_abbrev  0x00000d6b      0x17c Drivers\STM32F4xx_HAL_Driver\Src\stm32f4xx_ll_sdmmc.o
 .debug_abbrev  0x00000ee7      0x150 Middlewares\Third_Party\FatFs\src\diskio.o
 .debug_abbrev  0x00001037      0x124 Middlewares\Third_Party\FatFs\src\drivers\sd_diskio.o
 .debug_abbrev  0x0000115b      0x262 Middlewares\Third_Party\FatFs\src\ff.o
 .debug_abbrev  0x000013bd      0x16c Middlewares\Third_Party\FatFs\src\ff_gen_drv.o
 .debug_abbrev  0x00001529      0x217 Src\bsp_driver_sd.o
 .debug_abbrev  0x00001740      0x112 Src\fatfs.o
 .debug_abbrev  0x00001852       0xd6 Src\gpio.o
 .debug_abbrev  0x00001928      0x242 Src\main.o
 .debug_abbrev  0x00001b6a      0x18d Src\sdio.o
 .debug_abbrev  0x00001cf7       0x88 Src\stm32f4xx_hal_msp.o
 .debug_abbrev  0x00001d7f       0x7f Src\stm32f4xx_it.o
 .debug_abbrev  0x00001dfe      0x101 Src\system_stm32f4xx.o
 .debug_abbrev  0x00001eff      0x175 Src\usart.o

.debug_aranges  0x00000000      0xb88
 .debug_aranges
                0x00000000       0x28 Drivers\CMSIS\Device\ST\STM32F4xx\Source\Templates\gcc\startup_stm32f437xx.o
 .debug_aranges
                0x00000028       0xd0 Drivers\STM32F4xx_HAL_Driver\Src\stm32f4xx_hal.o
 .debug_aranges
                0x000000f8      0x108 Drivers\STM32F4xx_HAL_Driver\Src\stm32f4xx_hal_cortex.o
 .debug_aranges
                0x00000200       0x58 Drivers\STM32F4xx_HAL_Driver\Src\stm32f4xx_hal_gpio.o
 .debug_aranges
                0x00000258       0x88 Drivers\STM32F4xx_HAL_Driver\Src\stm32f4xx_hal_rcc.o
 .debug_aranges
                0x000002e0      0x180 Drivers\STM32F4xx_HAL_Driver\Src\stm32f4xx_hal_sd.o
 .debug_aranges
                0x00000460      0x1d0 Drivers\STM32F4xx_HAL_Driver\Src\stm32f4xx_hal_uart.o
 .debug_aranges
                0x00000630       0x80 Drivers\STM32F4xx_HAL_Driver\Src\stm32f4xx_ll_sdmmc.o
 .debug_aranges
                0x000006b0       0x48 Middlewares\Third_Party\FatFs\src\diskio.o
 .debug_aranges
                0x000006f8       0x40 Middlewares\Third_Party\FatFs\src\drivers\sd_diskio.o
 .debug_aranges
                0x00000738      0x1e8 Middlewares\Third_Party\FatFs\src\ff.o
 .debug_aranges
                0x00000920       0x40 Middlewares\Third_Party\FatFs\src\ff_gen_drv.o
 .debug_aranges
                0x00000960       0x90 Src\bsp_driver_sd.o
 .debug_aranges
                0x000009f0       0x28 Src\fatfs.o
 .debug_aranges
                0x00000a18       0x20 Src\gpio.o
 .debug_aranges
                0x00000a38       0x48 Src\main.o
 .debug_aranges
                0x00000a80       0x30 Src\sdio.o
 .debug_aranges
                0x00000ab0       0x20 Src\stm32f4xx_hal_msp.o
 .debug_aranges
                0x00000ad0       0x60 Src\stm32f4xx_it.o
 .debug_aranges
                0x00000b30       0x28 Src\system_stm32f4xx.o
 .debug_aranges
                0x00000b58       0x30 Src\usart.o

.debug_ranges   0x00000000      0xa40
 .debug_ranges  0x00000000       0x20 Drivers\CMSIS\Device\ST\STM32F4xx\Source\Templates\gcc\startup_stm32f437xx.o
 .debug_ranges  0x00000020       0xc0 Drivers\STM32F4xx_HAL_Driver\Src\stm32f4xx_hal.o
 .debug_ranges  0x000000e0       0xf8 Drivers\STM32F4xx_HAL_Driver\Src\stm32f4xx_hal_cortex.o
 .debug_ranges  0x000001d8       0x48 Drivers\STM32F4xx_HAL_Driver\Src\stm32f4xx_hal_gpio.o
 .debug_ranges  0x00000220       0x78 Drivers\STM32F4xx_HAL_Driver\Src\stm32f4xx_hal_rcc.o
 .debug_ranges  0x00000298      0x170 Drivers\STM32F4xx_HAL_Driver\Src\stm32f4xx_hal_sd.o
 .debug_ranges  0x00000408      0x1c0 Drivers\STM32F4xx_HAL_Driver\Src\stm32f4xx_hal_uart.o
 .debug_ranges  0x000005c8       0x70 Drivers\STM32F4xx_HAL_Driver\Src\stm32f4xx_ll_sdmmc.o
 .debug_ranges  0x00000638       0x38 Middlewares\Third_Party\FatFs\src\diskio.o
 .debug_ranges  0x00000670       0x30 Middlewares\Third_Party\FatFs\src\drivers\sd_diskio.o
 .debug_ranges  0x000006a0      0x1d8 Middlewares\Third_Party\FatFs\src\ff.o
 .debug_ranges  0x00000878       0x30 Middlewares\Third_Party\FatFs\src\ff_gen_drv.o
 .debug_ranges  0x000008a8       0x80 Src\bsp_driver_sd.o
 .debug_ranges  0x00000928       0x18 Src\fatfs.o
 .debug_ranges  0x00000940       0x10 Src\gpio.o
 .debug_ranges  0x00000950       0x38 Src\main.o
 .debug_ranges  0x00000988       0x20 Src\sdio.o
 .debug_ranges  0x000009a8       0x10 Src\stm32f4xx_hal_msp.o
 .debug_ranges  0x000009b8       0x50 Src\stm32f4xx_it.o
 .debug_ranges  0x00000a08       0x18 Src\system_stm32f4xx.o
 .debug_ranges  0x00000a20       0x20 Src\usart.o

.debug_str      0x00000000     0x38b6
 .debug_str     0x00000000      0xa94 Drivers\STM32F4xx_HAL_Driver\Src\stm32f4xx_hal.o
                                0xb17 (size before relaxing)
 .debug_str     0x00000a94      0x3de Drivers\STM32F4xx_HAL_Driver\Src\stm32f4xx_hal_cortex.o
                                0xc76 (size before relaxing)
 .debug_str     0x00000e72      0x1cd Drivers\STM32F4xx_HAL_Driver\Src\stm32f4xx_hal_gpio.o
                                0x52b (size before relaxing)
 .debug_str     0x0000103f      0x291 Drivers\STM32F4xx_HAL_Driver\Src\stm32f4xx_hal_rcc.o
                                0x6df (size before relaxing)
 .debug_str     0x000012d0     0x10a3 Drivers\STM32F4xx_HAL_Driver\Src\stm32f4xx_hal_sd.o
                               0x1370 (size before relaxing)
 .debug_str     0x00002373      0x6cf Drivers\STM32F4xx_HAL_Driver\Src\stm32f4xx_hal_uart.o
                                0xbb4 (size before relaxing)
 .debug_str     0x00002a42      0x177 Drivers\STM32F4xx_HAL_Driver\Src\stm32f4xx_ll_sdmmc.o
                                0x501 (size before relaxing)
 .debug_str     0x00002bb9       0xef Middlewares\Third_Party\FatFs\src\diskio.o
                                0x2db (size before relaxing)
 .debug_str     0x00002ca8       0x7a Middlewares\Third_Party\FatFs\src\drivers\sd_diskio.o
                                0x5d5 (size before relaxing)
 .debug_str     0x00002d22      0x54c Middlewares\Third_Party\FatFs\src\ff.o
                                0x7d1 (size before relaxing)
 .debug_str     0x0000326e       0xa2 Middlewares\Third_Party\FatFs\src\ff_gen_drv.o
                                0x340 (size before relaxing)
 .debug_str     0x00003310      0x159 Src\bsp_driver_sd.o
                                0xd08 (size before relaxing)
 .debug_str     0x00003469       0x2b Src\fatfs.o
                                0x2b6 (size before relaxing)
 .debug_str     0x00003494       0x1b Src\gpio.o
                                0x2f5 (size before relaxing)
 .debug_str     0x000034af      0x297 Src\main.o
                                0xe41 (size before relaxing)
 .debug_str     0x00003746       0x27 Src\sdio.o
                                0x9cf (size before relaxing)
 .debug_str     0x0000376d       0x1b Src\stm32f4xx_hal_msp.o
                                0x730 (size before relaxing)
 .debug_str     0x00003788       0xa6 Src\stm32f4xx_it.o
                                0x256 (size before relaxing)
 .debug_str     0x0000382e       0x53 Src\system_stm32f4xx.o
                                0x3bb (size before relaxing)
 .debug_str     0x00003881       0x35 Src\usart.o
                                0x7ce (size before relaxing)

.comment        0x00000000       0x7e
 .comment       0x00000000       0x7e Drivers\STM32F4xx_HAL_Driver\Src\stm32f4xx_hal.o
                                 0x7f (size before relaxing)
 .comment       0x0000007e       0x7f Drivers\STM32F4xx_HAL_Driver\Src\stm32f4xx_hal_cortex.o
 .comment       0x0000007e       0x7f Drivers\STM32F4xx_HAL_Driver\Src\stm32f4xx_hal_gpio.o
 .comment       0x0000007e       0x7f Drivers\STM32F4xx_HAL_Driver\Src\stm32f4xx_hal_rcc.o
 .comment       0x0000007e       0x7f Drivers\STM32F4xx_HAL_Driver\Src\stm32f4xx_hal_sd.o
 .comment       0x0000007e       0x7f Drivers\STM32F4xx_HAL_Driver\Src\stm32f4xx_hal_uart.o
 .comment       0x0000007e       0x7f Drivers\STM32F4xx_HAL_Driver\Src\stm32f4xx_ll_sdmmc.o
 .comment       0x0000007e       0x7f Middlewares\Third_Party\FatFs\src\diskio.o
 .comment       0x0000007e       0x7f Middlewares\Third_Party\FatFs\src\drivers\sd_diskio.o
 .comment       0x0000007e       0x7f Middlewares\Third_Party\FatFs\src\ff.o
 .comment       0x0000007e       0x7f Middlewares\Third_Party\FatFs\src\ff_gen_drv.o
 .comment       0x0000007e       0x7f Src\bsp_driver_sd.o
 .comment       0x0000007e       0x7f Src\fatfs.o
 .comment       0x0000007e       0x7f Src\gpio.o
 .comment       0x0000007e       0x7f Src\main.o
 .comment       0x0000007e       0x7f Src\sdio.o
 .comment       0x0000007e       0x7f Src\stm32f4xx_hal_msp.o
 .comment       0x0000007e       0x7f Src\stm32f4xx_it.o
 .comment       0x0000007e       0x7f Src\system_stm32f4xx.o
 .comment       0x0000007e       0x7f Src\usart.o

.debug_frame    0x00000000     0x2d2c
 .debug_frame   0x00000000      0x310 Drivers\STM32F4xx_HAL_Driver\Src\stm32f4xx_hal.o
 .debug_frame   0x00000310      0x44c Drivers\STM32F4xx_HAL_Driver\Src\stm32f4xx_hal_cortex.o
 .debug_frame   0x0000075c      0x13c Drivers\STM32F4xx_HAL_Driver\Src\stm32f4xx_hal_gpio.o
 .debug_frame   0x00000898      0x200 Drivers\STM32F4xx_HAL_Driver\Src\stm32f4xx_hal_rcc.o
 .debug_frame   0x00000a98      0x6e4 Drivers\STM32F4xx_HAL_Driver\Src\stm32f4xx_hal_sd.o
 .debug_frame   0x0000117c      0x830 Drivers\STM32F4xx_HAL_Driver\Src\stm32f4xx_hal_uart.o
 .debug_frame   0x000019ac      0x210 Drivers\STM32F4xx_HAL_Driver\Src\stm32f4xx_ll_sdmmc.o
 .debug_frame   0x00001bbc       0xec Middlewares\Third_Party\FatFs\src\diskio.o
 .debug_frame   0x00001ca8       0xd0 Middlewares\Third_Party\FatFs\src\drivers\sd_diskio.o
 .debug_frame   0x00001d78      0x8d0 Middlewares\Third_Party\FatFs\src\ff.o
 .debug_frame   0x00002648       0xc8 Middlewares\Third_Party\FatFs\src\ff_gen_drv.o
 .debug_frame   0x00002710      0x208 Src\bsp_driver_sd.o
 .debug_frame   0x00002918       0x4c Src\fatfs.o
 .debug_frame   0x00002964       0x38 Src\gpio.o
 .debug_frame   0x0000299c       0xe8 Src\main.o
 .debug_frame   0x00002a84       0x78 Src\sdio.o
 .debug_frame   0x00002afc       0x2c Src\stm32f4xx_hal_msp.o
 .debug_frame   0x00002b28      0x10c Src\stm32f4xx_it.o
 .debug_frame   0x00002c34       0x58 Src\system_stm32f4xx.o
 .debug_frame   0x00002c8c       0x74 Src\usart.o
 .debug_frame   0x00002d00       0x2c c:/program files (x86)/atollic/truestudio for arm 7.0.0/armtools/bin/../lib/gcc/arm-atollic-eabi/5.3.1/../../../../arm-atollic-eabi/lib/armv7e-m/fpu\libc.a(lib_a-init.o)

.stabstr        0x00000000       0x76
 .stabstr       0x00000000       0x76 c:/program files (x86)/atollic/truestudio for arm 7.0.0/armtools/bin/../lib/gcc/arm-atollic-eabi/5.3.1/../../../../arm-atollic-eabi/lib/armv7e-m/fpu\libnosys.a(getpid.o)

Cross Reference Table

Symbol                                            File
ADC_IRQHandler                                    Drivers\CMSIS\Device\ST\STM32F4xx\Source\Templates\gcc\startup_stm32f437xx.o
AHBPrescTable                                     Src\system_stm32f4xx.o
APBAHBPrescTable                                  Drivers\STM32F4xx_HAL_Driver\Src\stm32f4xx_hal_rcc.o
APBPrescTable                                     Src\system_stm32f4xx.o
BSP_SD_DMA_Rx_IRQHandler                          Src\bsp_driver_sd.o
BSP_SD_DMA_Tx_IRQHandler                          Src\bsp_driver_sd.o
BSP_SD_DetectCallback                             Src\bsp_driver_sd.o
BSP_SD_DetectIT                                   Src\bsp_driver_sd.o
BSP_SD_Erase                                      Src\bsp_driver_sd.o
BSP_SD_GetCardInfo                                Src\bsp_driver_sd.o
                                                  Middlewares\Third_Party\FatFs\src\drivers\sd_diskio.o
BSP_SD_GetStatus                                  Src\bsp_driver_sd.o
                                                  Middlewares\Third_Party\FatFs\src\drivers\sd_diskio.o
BSP_SD_IRQHandler                                 Src\bsp_driver_sd.o
BSP_SD_ITConfig                                   Src\bsp_driver_sd.o
BSP_SD_Init                                       Src\bsp_driver_sd.o
                                                  Middlewares\Third_Party\FatFs\src\drivers\sd_diskio.o
BSP_SD_IsDetected                                 Src\bsp_driver_sd.o
BSP_SD_ReadBlocks                                 Src\bsp_driver_sd.o
                                                  Middlewares\Third_Party\FatFs\src\drivers\sd_diskio.o
BSP_SD_ReadBlocks_DMA                             Src\bsp_driver_sd.o
BSP_SD_WriteBlocks                                Src\bsp_driver_sd.o
                                                  Middlewares\Third_Party\FatFs\src\drivers\sd_diskio.o
BSP_SD_WriteBlocks_DMA                            Src\bsp_driver_sd.o
BusFault_Handler                                  Src\stm32f4xx_it.o
                                                  Drivers\CMSIS\Device\ST\STM32F4xx\Source\Templates\gcc\startup_stm32f437xx.o
CAN1_RX0_IRQHandler                               Drivers\CMSIS\Device\ST\STM32F4xx\Source\Templates\gcc\startup_stm32f437xx.o
CAN1_RX1_IRQHandler                               Drivers\CMSIS\Device\ST\STM32F4xx\Source\Templates\gcc\startup_stm32f437xx.o
CAN1_SCE_IRQHandler                               Drivers\CMSIS\Device\ST\STM32F4xx\Source\Templates\gcc\startup_stm32f437xx.o
CAN1_TX_IRQHandler                                Drivers\CMSIS\Device\ST\STM32F4xx\Source\Templates\gcc\startup_stm32f437xx.o
CAN2_RX0_IRQHandler                               Drivers\CMSIS\Device\ST\STM32F4xx\Source\Templates\gcc\startup_stm32f437xx.o
CAN2_RX1_IRQHandler                               Drivers\CMSIS\Device\ST\STM32F4xx\Source\Templates\gcc\startup_stm32f437xx.o
CAN2_SCE_IRQHandler                               Drivers\CMSIS\Device\ST\STM32F4xx\Source\Templates\gcc\startup_stm32f437xx.o
CAN2_TX_IRQHandler                                Drivers\CMSIS\Device\ST\STM32F4xx\Source\Templates\gcc\startup_stm32f437xx.o
CRYP_IRQHandler                                   Drivers\CMSIS\Device\ST\STM32F4xx\Source\Templates\gcc\startup_stm32f437xx.o
DCMI_IRQHandler                                   Drivers\CMSIS\Device\ST\STM32F4xx\Source\Templates\gcc\startup_stm32f437xx.o
DMA1_Stream0_IRQHandler                           Drivers\CMSIS\Device\ST\STM32F4xx\Source\Templates\gcc\startup_stm32f437xx.o
DMA1_Stream1_IRQHandler                           Drivers\CMSIS\Device\ST\STM32F4xx\Source\Templates\gcc\startup_stm32f437xx.o
DMA1_Stream2_IRQHandler                           Drivers\CMSIS\Device\ST\STM32F4xx\Source\Templates\gcc\startup_stm32f437xx.o
DMA1_Stream3_IRQHandler                           Drivers\CMSIS\Device\ST\STM32F4xx\Source\Templates\gcc\startup_stm32f437xx.o
DMA1_Stream4_IRQHandler                           Drivers\CMSIS\Device\ST\STM32F4xx\Source\Templates\gcc\startup_stm32f437xx.o
DMA1_Stream5_IRQHandler                           Drivers\CMSIS\Device\ST\STM32F4xx\Source\Templates\gcc\startup_stm32f437xx.o
DMA1_Stream6_IRQHandler                           Drivers\CMSIS\Device\ST\STM32F4xx\Source\Templates\gcc\startup_stm32f437xx.o
DMA1_Stream7_IRQHandler                           Drivers\CMSIS\Device\ST\STM32F4xx\Source\Templates\gcc\startup_stm32f437xx.o
DMA2D_IRQHandler                                  Drivers\CMSIS\Device\ST\STM32F4xx\Source\Templates\gcc\startup_stm32f437xx.o
DMA2_Stream0_IRQHandler                           Drivers\CMSIS\Device\ST\STM32F4xx\Source\Templates\gcc\startup_stm32f437xx.o
DMA2_Stream1_IRQHandler                           Drivers\CMSIS\Device\ST\STM32F4xx\Source\Templates\gcc\startup_stm32f437xx.o
DMA2_Stream2_IRQHandler                           Drivers\CMSIS\Device\ST\STM32F4xx\Source\Templates\gcc\startup_stm32f437xx.o
DMA2_Stream3_IRQHandler                           Drivers\CMSIS\Device\ST\STM32F4xx\Source\Templates\gcc\startup_stm32f437xx.o
DMA2_Stream4_IRQHandler                           Drivers\CMSIS\Device\ST\STM32F4xx\Source\Templates\gcc\startup_stm32f437xx.o
DMA2_Stream5_IRQHandler                           Drivers\CMSIS\Device\ST\STM32F4xx\Source\Templates\gcc\startup_stm32f437xx.o
DMA2_Stream6_IRQHandler                           Drivers\CMSIS\Device\ST\STM32F4xx\Source\Templates\gcc\startup_stm32f437xx.o
DMA2_Stream7_IRQHandler                           Drivers\CMSIS\Device\ST\STM32F4xx\Source\Templates\gcc\startup_stm32f437xx.o
DebugMon_Handler                                  Src\stm32f4xx_it.o
                                                  Drivers\CMSIS\Device\ST\STM32F4xx\Source\Templates\gcc\startup_stm32f437xx.o
Default_Handler                                   Drivers\CMSIS\Device\ST\STM32F4xx\Source\Templates\gcc\startup_stm32f437xx.o
ETH_IRQHandler                                    Drivers\CMSIS\Device\ST\STM32F4xx\Source\Templates\gcc\startup_stm32f437xx.o
ETH_WKUP_IRQHandler                               Drivers\CMSIS\Device\ST\STM32F4xx\Source\Templates\gcc\startup_stm32f437xx.o
EXTI0_IRQHandler                                  Drivers\CMSIS\Device\ST\STM32F4xx\Source\Templates\gcc\startup_stm32f437xx.o
EXTI15_10_IRQHandler                              Drivers\CMSIS\Device\ST\STM32F4xx\Source\Templates\gcc\startup_stm32f437xx.o
EXTI1_IRQHandler                                  Drivers\CMSIS\Device\ST\STM32F4xx\Source\Templates\gcc\startup_stm32f437xx.o
EXTI2_IRQHandler                                  Drivers\CMSIS\Device\ST\STM32F4xx\Source\Templates\gcc\startup_stm32f437xx.o
EXTI3_IRQHandler                                  Drivers\CMSIS\Device\ST\STM32F4xx\Source\Templates\gcc\startup_stm32f437xx.o
EXTI4_IRQHandler                                  Drivers\CMSIS\Device\ST\STM32F4xx\Source\Templates\gcc\startup_stm32f437xx.o
EXTI9_5_IRQHandler                                Drivers\CMSIS\Device\ST\STM32F4xx\Source\Templates\gcc\startup_stm32f437xx.o
Error_Handler                                     Src\main.o
                                                  Src\usart.o
FATFS_GetAttachedDriversNbr                       Middlewares\Third_Party\FatFs\src\ff_gen_drv.o
FATFS_LinkDriver                                  Middlewares\Third_Party\FatFs\src\ff_gen_drv.o
                                                  Src\main.o
                                                  Src\fatfs.o
FATFS_LinkDriverEx                                Middlewares\Third_Party\FatFs\src\ff_gen_drv.o
FATFS_UnLinkDriver                                Middlewares\Third_Party\FatFs\src\ff_gen_drv.o
                                                  Src\main.o
FATFS_UnLinkDriverEx                              Middlewares\Third_Party\FatFs\src\ff_gen_drv.o
FLASH_Erase_Sector                                Drivers\STM32F4xx_HAL_Driver\Src\stm32f4xx_hal_flash_ex.o
                                                  Drivers\STM32F4xx_HAL_Driver\Src\stm32f4xx_hal_flash.o
FLASH_FlushCaches                                 Drivers\STM32F4xx_HAL_Driver\Src\stm32f4xx_hal_flash_ex.o
                                                  Drivers\STM32F4xx_HAL_Driver\Src\stm32f4xx_hal_flash.o
FLASH_IRQHandler                                  Drivers\CMSIS\Device\ST\STM32F4xx\Source\Templates\gcc\startup_stm32f437xx.o
FLASH_WaitForLastOperation                        Drivers\STM32F4xx_HAL_Driver\Src\stm32f4xx_hal_flash.o
                                                  Drivers\STM32F4xx_HAL_Driver\Src\stm32f4xx_hal_flash_ex.o
FMC_IRQHandler                                    Drivers\CMSIS\Device\ST\STM32F4xx\Source\Templates\gcc\startup_stm32f437xx.o
FPU_IRQHandler                                    Drivers\CMSIS\Device\ST\STM32F4xx\Source\Templates\gcc\startup_stm32f437xx.o
HAL_DBGMCU_DisableDBGSleepMode                    Drivers\STM32F4xx_HAL_Driver\Src\stm32f4xx_hal.o
HAL_DBGMCU_DisableDBGStandbyMode                  Drivers\STM32F4xx_HAL_Driver\Src\stm32f4xx_hal.o
HAL_DBGMCU_DisableDBGStopMode                     Drivers\STM32F4xx_HAL_Driver\Src\stm32f4xx_hal.o
HAL_DBGMCU_EnableDBGSleepMode                     Drivers\STM32F4xx_HAL_Driver\Src\stm32f4xx_hal.o
HAL_DBGMCU_EnableDBGStandbyMode                   Drivers\STM32F4xx_HAL_Driver\Src\stm32f4xx_hal.o
HAL_DBGMCU_EnableDBGStopMode                      Drivers\STM32F4xx_HAL_Driver\Src\stm32f4xx_hal.o
HAL_DMAEx_ChangeMemory                            Drivers\STM32F4xx_HAL_Driver\Src\stm32f4xx_hal_dma_ex.o
HAL_DMAEx_MultiBufferStart                        Drivers\STM32F4xx_HAL_Driver\Src\stm32f4xx_hal_dma_ex.o
HAL_DMAEx_MultiBufferStart_IT                     Drivers\STM32F4xx_HAL_Driver\Src\stm32f4xx_hal_dma_ex.o
HAL_DMA_Abort                                     Drivers\STM32F4xx_HAL_Driver\Src\stm32f4xx_hal_dma.o
                                                  Drivers\STM32F4xx_HAL_Driver\Src\stm32f4xx_hal_uart.o
                                                  Drivers\STM32F4xx_HAL_Driver\Src\stm32f4xx_hal_sd.o
HAL_DMA_Abort_IT                                  Drivers\STM32F4xx_HAL_Driver\Src\stm32f4xx_hal_dma.o
                                                  Drivers\STM32F4xx_HAL_Driver\Src\stm32f4xx_hal_uart.o
HAL_DMA_DeInit                                    Drivers\STM32F4xx_HAL_Driver\Src\stm32f4xx_hal_dma.o
HAL_DMA_GetError                                  Drivers\STM32F4xx_HAL_Driver\Src\stm32f4xx_hal_dma.o
HAL_DMA_GetState                                  Drivers\STM32F4xx_HAL_Driver\Src\stm32f4xx_hal_dma.o
HAL_DMA_IRQHandler                                Drivers\STM32F4xx_HAL_Driver\Src\stm32f4xx_hal_dma.o
                                                  Src\bsp_driver_sd.o
HAL_DMA_Init                                      Drivers\STM32F4xx_HAL_Driver\Src\stm32f4xx_hal_dma.o
HAL_DMA_PollForTransfer                           Drivers\STM32F4xx_HAL_Driver\Src\stm32f4xx_hal_dma.o
HAL_DMA_RegisterCallback                          Drivers\STM32F4xx_HAL_Driver\Src\stm32f4xx_hal_dma.o
HAL_DMA_Start                                     Drivers\STM32F4xx_HAL_Driver\Src\stm32f4xx_hal_dma.o
HAL_DMA_Start_IT                                  Drivers\STM32F4xx_HAL_Driver\Src\stm32f4xx_hal_dma.o
                                                  Drivers\STM32F4xx_HAL_Driver\Src\stm32f4xx_hal_uart.o
                                                  Drivers\STM32F4xx_HAL_Driver\Src\stm32f4xx_hal_sd.o
HAL_DMA_UnRegisterCallback                        Drivers\STM32F4xx_HAL_Driver\Src\stm32f4xx_hal_dma.o
HAL_DeInit                                        Drivers\STM32F4xx_HAL_Driver\Src\stm32f4xx_hal.o
HAL_Delay                                         Drivers\STM32F4xx_HAL_Driver\Src\stm32f4xx_hal.o
                                                  Drivers\STM32F4xx_HAL_Driver\Src\stm32f4xx_hal_sd.o
HAL_DisableCompensationCell                       Drivers\STM32F4xx_HAL_Driver\Src\stm32f4xx_hal.o
HAL_DisableMemorySwappingBank                     Drivers\STM32F4xx_HAL_Driver\Src\stm32f4xx_hal.o
HAL_EnableCompensationCell                        Drivers\STM32F4xx_HAL_Driver\Src\stm32f4xx_hal.o
HAL_EnableMemorySwappingBank                      Drivers\STM32F4xx_HAL_Driver\Src\stm32f4xx_hal.o
HAL_FLASHEx_AdvOBGetConfig                        Drivers\STM32F4xx_HAL_Driver\Src\stm32f4xx_hal_flash_ex.o
HAL_FLASHEx_AdvOBProgram                          Drivers\STM32F4xx_HAL_Driver\Src\stm32f4xx_hal_flash_ex.o
HAL_FLASHEx_Erase                                 Drivers\STM32F4xx_HAL_Driver\Src\stm32f4xx_hal_flash_ex.o
HAL_FLASHEx_Erase_IT                              Drivers\STM32F4xx_HAL_Driver\Src\stm32f4xx_hal_flash_ex.o
HAL_FLASHEx_OBGetConfig                           Drivers\STM32F4xx_HAL_Driver\Src\stm32f4xx_hal_flash_ex.o
HAL_FLASHEx_OBProgram                             Drivers\STM32F4xx_HAL_Driver\Src\stm32f4xx_hal_flash_ex.o
HAL_FLASHEx_OB_DeSelectPCROP                      Drivers\STM32F4xx_HAL_Driver\Src\stm32f4xx_hal_flash_ex.o
HAL_FLASHEx_OB_GetBank2WRP                        Drivers\STM32F4xx_HAL_Driver\Src\stm32f4xx_hal_flash_ex.o
HAL_FLASHEx_OB_SelectPCROP                        Drivers\STM32F4xx_HAL_Driver\Src\stm32f4xx_hal_flash_ex.o
HAL_FLASH_EndOfOperationCallback                  Drivers\STM32F4xx_HAL_Driver\Src\stm32f4xx_hal_flash.o
HAL_FLASH_GetError                                Drivers\STM32F4xx_HAL_Driver\Src\stm32f4xx_hal_flash.o
HAL_FLASH_IRQHandler                              Drivers\STM32F4xx_HAL_Driver\Src\stm32f4xx_hal_flash.o
HAL_FLASH_Lock                                    Drivers\STM32F4xx_HAL_Driver\Src\stm32f4xx_hal_flash.o
HAL_FLASH_OB_Launch                               Drivers\STM32F4xx_HAL_Driver\Src\stm32f4xx_hal_flash.o
HAL_FLASH_OB_Lock                                 Drivers\STM32F4xx_HAL_Driver\Src\stm32f4xx_hal_flash.o
HAL_FLASH_OB_Unlock                               Drivers\STM32F4xx_HAL_Driver\Src\stm32f4xx_hal_flash.o
HAL_FLASH_OperationErrorCallback                  Drivers\STM32F4xx_HAL_Driver\Src\stm32f4xx_hal_flash.o
HAL_FLASH_Program                                 Drivers\STM32F4xx_HAL_Driver\Src\stm32f4xx_hal_flash.o
HAL_FLASH_Program_IT                              Drivers\STM32F4xx_HAL_Driver\Src\stm32f4xx_hal_flash.o
HAL_FLASH_Unlock                                  Drivers\STM32F4xx_HAL_Driver\Src\stm32f4xx_hal_flash.o
HAL_GPIO_DeInit                                   Drivers\STM32F4xx_HAL_Driver\Src\stm32f4xx_hal_gpio.o
                                                  Src\usart.o
                                                  Src\sdio.o
HAL_GPIO_EXTI_Callback                            Drivers\STM32F4xx_HAL_Driver\Src\stm32f4xx_hal_gpio.o
HAL_GPIO_EXTI_IRQHandler                          Drivers\STM32F4xx_HAL_Driver\Src\stm32f4xx_hal_gpio.o
HAL_GPIO_Init                                     Drivers\STM32F4xx_HAL_Driver\Src\stm32f4xx_hal_gpio.o
                                                  Src\usart.o
                                                  Src\sdio.o
                                                  Drivers\STM32F4xx_HAL_Driver\Src\stm32f4xx_hal_rcc.o
HAL_GPIO_LockPin                                  Drivers\STM32F4xx_HAL_Driver\Src\stm32f4xx_hal_gpio.o
HAL_GPIO_ReadPin                                  Drivers\STM32F4xx_HAL_Driver\Src\stm32f4xx_hal_gpio.o
HAL_GPIO_TogglePin                                Drivers\STM32F4xx_HAL_Driver\Src\stm32f4xx_hal_gpio.o
HAL_GPIO_WritePin                                 Drivers\STM32F4xx_HAL_Driver\Src\stm32f4xx_hal_gpio.o
HAL_GetDEVID                                      Drivers\STM32F4xx_HAL_Driver\Src\stm32f4xx_hal.o
HAL_GetHalVersion                                 Drivers\STM32F4xx_HAL_Driver\Src\stm32f4xx_hal.o
HAL_GetREVID                                      Drivers\STM32F4xx_HAL_Driver\Src\stm32f4xx_hal.o
HAL_GetTick                                       Drivers\STM32F4xx_HAL_Driver\Src\stm32f4xx_hal.o
                                                  Drivers\STM32F4xx_HAL_Driver\Src\stm32f4xx_hal_uart.o
                                                  Drivers\STM32F4xx_HAL_Driver\Src\stm32f4xx_hal_rcc_ex.o
                                                  Drivers\STM32F4xx_HAL_Driver\Src\stm32f4xx_hal_rcc.o
                                                  Drivers\STM32F4xx_HAL_Driver\Src\stm32f4xx_hal_pwr_ex.o
                                                  Drivers\STM32F4xx_HAL_Driver\Src\stm32f4xx_hal_flash.o
                                                  Drivers\STM32F4xx_HAL_Driver\Src\stm32f4xx_hal_dma.o
HAL_HalfDuplex_EnableReceiver                     Drivers\STM32F4xx_HAL_Driver\Src\stm32f4xx_hal_uart.o
HAL_HalfDuplex_EnableTransmitter                  Drivers\STM32F4xx_HAL_Driver\Src\stm32f4xx_hal_uart.o
HAL_HalfDuplex_Init                               Drivers\STM32F4xx_HAL_Driver\Src\stm32f4xx_hal_uart.o
HAL_IncTick                                       Drivers\STM32F4xx_HAL_Driver\Src\stm32f4xx_hal.o
                                                  Src\stm32f4xx_it.o
HAL_Init                                          Drivers\STM32F4xx_HAL_Driver\Src\stm32f4xx_hal.o
                                                  Src\main.o
HAL_InitTick                                      Drivers\STM32F4xx_HAL_Driver\Src\stm32f4xx_hal.o
                                                  Drivers\STM32F4xx_HAL_Driver\Src\stm32f4xx_hal_rcc.o
HAL_LIN_Init                                      Drivers\STM32F4xx_HAL_Driver\Src\stm32f4xx_hal_uart.o
HAL_LIN_SendBreak                                 Drivers\STM32F4xx_HAL_Driver\Src\stm32f4xx_hal_uart.o
HAL_MPU_ConfigRegion                              Drivers\STM32F4xx_HAL_Driver\Src\stm32f4xx_hal_cortex.o
HAL_MspDeInit                                     Drivers\STM32F4xx_HAL_Driver\Src\stm32f4xx_hal.o
HAL_MspInit                                       Src\stm32f4xx_hal_msp.o
                                                  Drivers\STM32F4xx_HAL_Driver\Src\stm32f4xx_hal.o
HAL_MultiProcessor_EnterMuteMode                  Drivers\STM32F4xx_HAL_Driver\Src\stm32f4xx_hal_uart.o
HAL_MultiProcessor_ExitMuteMode                   Drivers\STM32F4xx_HAL_Driver\Src\stm32f4xx_hal_uart.o
HAL_MultiProcessor_Init                           Drivers\STM32F4xx_HAL_Driver\Src\stm32f4xx_hal_uart.o
HAL_NVIC_ClearPendingIRQ                          Drivers\STM32F4xx_HAL_Driver\Src\stm32f4xx_hal_cortex.o
HAL_NVIC_DisableIRQ                               Drivers\STM32F4xx_HAL_Driver\Src\stm32f4xx_hal_cortex.o
HAL_NVIC_EnableIRQ                                Drivers\STM32F4xx_HAL_Driver\Src\stm32f4xx_hal_cortex.o
HAL_NVIC_GetActive                                Drivers\STM32F4xx_HAL_Driver\Src\stm32f4xx_hal_cortex.o
HAL_NVIC_GetPendingIRQ                            Drivers\STM32F4xx_HAL_Driver\Src\stm32f4xx_hal_cortex.o
HAL_NVIC_GetPriority                              Drivers\STM32F4xx_HAL_Driver\Src\stm32f4xx_hal_cortex.o
HAL_NVIC_GetPriorityGrouping                      Drivers\STM32F4xx_HAL_Driver\Src\stm32f4xx_hal_cortex.o
HAL_NVIC_SetPendingIRQ                            Drivers\STM32F4xx_HAL_Driver\Src\stm32f4xx_hal_cortex.o
HAL_NVIC_SetPriority                              Drivers\STM32F4xx_HAL_Driver\Src\stm32f4xx_hal_cortex.o
                                                  Src\stm32f4xx_hal_msp.o
                                                  Src\main.o
                                                  Drivers\STM32F4xx_HAL_Driver\Src\stm32f4xx_hal.o
HAL_NVIC_SetPriorityGrouping                      Drivers\STM32F4xx_HAL_Driver\Src\stm32f4xx_hal_cortex.o
                                                  Src\stm32f4xx_hal_msp.o
                                                  Drivers\STM32F4xx_HAL_Driver\Src\stm32f4xx_hal.o
HAL_NVIC_SystemReset                              Drivers\STM32F4xx_HAL_Driver\Src\stm32f4xx_hal_cortex.o
HAL_PWREx_ControlVoltageScaling                   Drivers\STM32F4xx_HAL_Driver\Src\stm32f4xx_hal_pwr_ex.o
HAL_PWREx_DisableBkUpReg                          Drivers\STM32F4xx_HAL_Driver\Src\stm32f4xx_hal_pwr_ex.o
HAL_PWREx_DisableFlashPowerDown                   Drivers\STM32F4xx_HAL_Driver\Src\stm32f4xx_hal_pwr_ex.o
HAL_PWREx_DisableOverDrive                        Drivers\STM32F4xx_HAL_Driver\Src\stm32f4xx_hal_pwr_ex.o
HAL_PWREx_EnableBkUpReg                           Drivers\STM32F4xx_HAL_Driver\Src\stm32f4xx_hal_pwr_ex.o
HAL_PWREx_EnableFlashPowerDown                    Drivers\STM32F4xx_HAL_Driver\Src\stm32f4xx_hal_pwr_ex.o
HAL_PWREx_EnableOverDrive                         Drivers\STM32F4xx_HAL_Driver\Src\stm32f4xx_hal_pwr_ex.o
HAL_PWREx_EnterUnderDriveSTOPMode                 Drivers\STM32F4xx_HAL_Driver\Src\stm32f4xx_hal_pwr_ex.o
HAL_PWREx_GetVoltageRange                         Drivers\STM32F4xx_HAL_Driver\Src\stm32f4xx_hal_pwr_ex.o
HAL_PWR_ConfigPVD                                 Drivers\STM32F4xx_HAL_Driver\Src\stm32f4xx_hal_pwr.o
HAL_PWR_DeInit                                    Drivers\STM32F4xx_HAL_Driver\Src\stm32f4xx_hal_pwr.o
HAL_PWR_DisableBkUpAccess                         Drivers\STM32F4xx_HAL_Driver\Src\stm32f4xx_hal_pwr.o
HAL_PWR_DisablePVD                                Drivers\STM32F4xx_HAL_Driver\Src\stm32f4xx_hal_pwr.o
HAL_PWR_DisableSEVOnPend                          Drivers\STM32F4xx_HAL_Driver\Src\stm32f4xx_hal_pwr.o
HAL_PWR_DisableSleepOnExit                        Drivers\STM32F4xx_HAL_Driver\Src\stm32f4xx_hal_pwr.o
HAL_PWR_DisableWakeUpPin                          Drivers\STM32F4xx_HAL_Driver\Src\stm32f4xx_hal_pwr.o
HAL_PWR_EnableBkUpAccess                          Drivers\STM32F4xx_HAL_Driver\Src\stm32f4xx_hal_pwr.o
HAL_PWR_EnablePVD                                 Drivers\STM32F4xx_HAL_Driver\Src\stm32f4xx_hal_pwr.o
HAL_PWR_EnableSEVOnPend                           Drivers\STM32F4xx_HAL_Driver\Src\stm32f4xx_hal_pwr.o
HAL_PWR_EnableSleepOnExit                         Drivers\STM32F4xx_HAL_Driver\Src\stm32f4xx_hal_pwr.o
HAL_PWR_EnableWakeUpPin                           Drivers\STM32F4xx_HAL_Driver\Src\stm32f4xx_hal_pwr.o
HAL_PWR_EnterSLEEPMode                            Drivers\STM32F4xx_HAL_Driver\Src\stm32f4xx_hal_pwr.o
HAL_PWR_EnterSTANDBYMode                          Drivers\STM32F4xx_HAL_Driver\Src\stm32f4xx_hal_pwr.o
HAL_PWR_EnterSTOPMode                             Drivers\STM32F4xx_HAL_Driver\Src\stm32f4xx_hal_pwr.o
HAL_PWR_PVDCallback                               Drivers\STM32F4xx_HAL_Driver\Src\stm32f4xx_hal_pwr.o
HAL_PWR_PVD_IRQHandler                            Drivers\STM32F4xx_HAL_Driver\Src\stm32f4xx_hal_pwr.o
HAL_RCCEx_GetPeriphCLKConfig                      Drivers\STM32F4xx_HAL_Driver\Src\stm32f4xx_hal_rcc_ex.o
HAL_RCCEx_PeriphCLKConfig                         Drivers\STM32F4xx_HAL_Driver\Src\stm32f4xx_hal_rcc_ex.o
HAL_RCC_CSSCallback                               Drivers\STM32F4xx_HAL_Driver\Src\stm32f4xx_hal_rcc.o
HAL_RCC_ClockConfig                               Drivers\STM32F4xx_HAL_Driver\Src\stm32f4xx_hal_rcc.o
                                                  Src\main.o
HAL_RCC_DeInit                                    Drivers\STM32F4xx_HAL_Driver\Src\stm32f4xx_hal_rcc_ex.o
                                                  Drivers\STM32F4xx_HAL_Driver\Src\stm32f4xx_hal_rcc.o
HAL_RCC_DisableCSS                                Drivers\STM32F4xx_HAL_Driver\Src\stm32f4xx_hal_rcc.o
HAL_RCC_EnableCSS                                 Drivers\STM32F4xx_HAL_Driver\Src\stm32f4xx_hal_rcc.o
HAL_RCC_GetClockConfig                            Drivers\STM32F4xx_HAL_Driver\Src\stm32f4xx_hal_rcc.o
HAL_RCC_GetHCLKFreq                               Drivers\STM32F4xx_HAL_Driver\Src\stm32f4xx_hal_rcc.o
                                                  Src\main.o
HAL_RCC_GetOscConfig                              Drivers\STM32F4xx_HAL_Driver\Src\stm32f4xx_hal_rcc.o
HAL_RCC_GetPCLK1Freq                              Drivers\STM32F4xx_HAL_Driver\Src\stm32f4xx_hal_rcc.o
                                                  Drivers\STM32F4xx_HAL_Driver\Src\stm32f4xx_hal_uart.o
HAL_RCC_GetPCLK2Freq                              Drivers\STM32F4xx_HAL_Driver\Src\stm32f4xx_hal_rcc.o
                                                  Drivers\STM32F4xx_HAL_Driver\Src\stm32f4xx_hal_uart.o
HAL_RCC_GetSysClockFreq                           Drivers\STM32F4xx_HAL_Driver\Src\stm32f4xx_hal_rcc.o
HAL_RCC_MCOConfig                                 Drivers\STM32F4xx_HAL_Driver\Src\stm32f4xx_hal_rcc.o
HAL_RCC_NMI_IRQHandler                            Drivers\STM32F4xx_HAL_Driver\Src\stm32f4xx_hal_rcc.o
HAL_RCC_OscConfig                                 Drivers\STM32F4xx_HAL_Driver\Src\stm32f4xx_hal_rcc.o
                                                  Src\main.o
HAL_ResumeTick                                    Drivers\STM32F4xx_HAL_Driver\Src\stm32f4xx_hal.o
HAL_SD_CheckReadOperation                         Drivers\STM32F4xx_HAL_Driver\Src\stm32f4xx_hal_sd.o
                                                  Src\bsp_driver_sd.o
HAL_SD_CheckWriteOperation                        Drivers\STM32F4xx_HAL_Driver\Src\stm32f4xx_hal_sd.o
                                                  Src\bsp_driver_sd.o
HAL_SD_DMA_RxCpltCallback                         Drivers\STM32F4xx_HAL_Driver\Src\stm32f4xx_hal_sd.o
HAL_SD_DMA_RxErrorCallback                        Drivers\STM32F4xx_HAL_Driver\Src\stm32f4xx_hal_sd.o
HAL_SD_DMA_TxCpltCallback                         Drivers\STM32F4xx_HAL_Driver\Src\stm32f4xx_hal_sd.o
HAL_SD_DMA_TxErrorCallback                        Drivers\STM32F4xx_HAL_Driver\Src\stm32f4xx_hal_sd.o
HAL_SD_DeInit                                     Drivers\STM32F4xx_HAL_Driver\Src\stm32f4xx_hal_sd.o
HAL_SD_Erase                                      Drivers\STM32F4xx_HAL_Driver\Src\stm32f4xx_hal_sd.o
                                                  Src\bsp_driver_sd.o
HAL_SD_GetCardStatus                              Drivers\STM32F4xx_HAL_Driver\Src\stm32f4xx_hal_sd.o
HAL_SD_GetStatus                                  Drivers\STM32F4xx_HAL_Driver\Src\stm32f4xx_hal_sd.o
                                                  Src\bsp_driver_sd.o
HAL_SD_Get_CardInfo                               Drivers\STM32F4xx_HAL_Driver\Src\stm32f4xx_hal_sd.o
                                                  Src\bsp_driver_sd.o
HAL_SD_HighSpeed                                  Drivers\STM32F4xx_HAL_Driver\Src\stm32f4xx_hal_sd.o
HAL_SD_IRQHandler                                 Drivers\STM32F4xx_HAL_Driver\Src\stm32f4xx_hal_sd.o
                                                  Src\bsp_driver_sd.o
HAL_SD_Init                                       Drivers\STM32F4xx_HAL_Driver\Src\stm32f4xx_hal_sd.o
                                                  Src\bsp_driver_sd.o
HAL_SD_MspDeInit                                  Src\sdio.o
                                                  Drivers\STM32F4xx_HAL_Driver\Src\stm32f4xx_hal_sd.o
HAL_SD_MspInit                                    Src\sdio.o
                                                  Drivers\STM32F4xx_HAL_Driver\Src\stm32f4xx_hal_sd.o
HAL_SD_ReadBlocks                                 Drivers\STM32F4xx_HAL_Driver\Src\stm32f4xx_hal_sd.o
                                                  Src\bsp_driver_sd.o
HAL_SD_ReadBlocks_DMA                             Drivers\STM32F4xx_HAL_Driver\Src\stm32f4xx_hal_sd.o
                                                  Src\bsp_driver_sd.o
HAL_SD_SendSDStatus                               Drivers\STM32F4xx_HAL_Driver\Src\stm32f4xx_hal_sd.o
HAL_SD_StopTransfer                               Drivers\STM32F4xx_HAL_Driver\Src\stm32f4xx_hal_sd.o
HAL_SD_WideBusOperation_Config                    Drivers\STM32F4xx_HAL_Driver\Src\stm32f4xx_hal_sd.o
                                                  Src\bsp_driver_sd.o
HAL_SD_WriteBlocks                                Drivers\STM32F4xx_HAL_Driver\Src\stm32f4xx_hal_sd.o
                                                  Src\bsp_driver_sd.o
HAL_SD_WriteBlocks_DMA                            Drivers\STM32F4xx_HAL_Driver\Src\stm32f4xx_hal_sd.o
                                                  Src\bsp_driver_sd.o
HAL_SD_XferCpltCallback                           Drivers\STM32F4xx_HAL_Driver\Src\stm32f4xx_hal_sd.o
HAL_SD_XferErrorCallback                          Drivers\STM32F4xx_HAL_Driver\Src\stm32f4xx_hal_sd.o
HAL_SYSTICK_CLKSourceConfig                       Drivers\STM32F4xx_HAL_Driver\Src\stm32f4xx_hal_cortex.o
                                                  Src\main.o
HAL_SYSTICK_Callback                              Drivers\STM32F4xx_HAL_Driver\Src\stm32f4xx_hal_cortex.o
HAL_SYSTICK_Config                                Drivers\STM32F4xx_HAL_Driver\Src\stm32f4xx_hal_cortex.o
                                                  Src\main.o
                                                  Drivers\STM32F4xx_HAL_Driver\Src\stm32f4xx_hal.o
HAL_SYSTICK_IRQHandler                            Drivers\STM32F4xx_HAL_Driver\Src\stm32f4xx_hal_cortex.o
                                                  Src\stm32f4xx_it.o
HAL_SuspendTick                                   Drivers\STM32F4xx_HAL_Driver\Src\stm32f4xx_hal.o
HAL_UART_Abort                                    Drivers\STM32F4xx_HAL_Driver\Src\stm32f4xx_hal_uart.o
HAL_UART_AbortCpltCallback                        Drivers\STM32F4xx_HAL_Driver\Src\stm32f4xx_hal_uart.o
HAL_UART_AbortReceive                             Drivers\STM32F4xx_HAL_Driver\Src\stm32f4xx_hal_uart.o
HAL_UART_AbortReceiveCpltCallback                 Drivers\STM32F4xx_HAL_Driver\Src\stm32f4xx_hal_uart.o
HAL_UART_AbortReceive_IT                          Drivers\STM32F4xx_HAL_Driver\Src\stm32f4xx_hal_uart.o
HAL_UART_AbortTransmit                            Drivers\STM32F4xx_HAL_Driver\Src\stm32f4xx_hal_uart.o
HAL_UART_AbortTransmitCpltCallback                Drivers\STM32F4xx_HAL_Driver\Src\stm32f4xx_hal_uart.o
HAL_UART_AbortTransmit_IT                         Drivers\STM32F4xx_HAL_Driver\Src\stm32f4xx_hal_uart.o
HAL_UART_Abort_IT                                 Drivers\STM32F4xx_HAL_Driver\Src\stm32f4xx_hal_uart.o
HAL_UART_DMAPause                                 Drivers\STM32F4xx_HAL_Driver\Src\stm32f4xx_hal_uart.o
HAL_UART_DMAResume                                Drivers\STM32F4xx_HAL_Driver\Src\stm32f4xx_hal_uart.o
HAL_UART_DMAStop                                  Drivers\STM32F4xx_HAL_Driver\Src\stm32f4xx_hal_uart.o
HAL_UART_DeInit                                   Drivers\STM32F4xx_HAL_Driver\Src\stm32f4xx_hal_uart.o
HAL_UART_ErrorCallback                            Drivers\STM32F4xx_HAL_Driver\Src\stm32f4xx_hal_uart.o
HAL_UART_GetError                                 Drivers\STM32F4xx_HAL_Driver\Src\stm32f4xx_hal_uart.o
HAL_UART_GetState                                 Drivers\STM32F4xx_HAL_Driver\Src\stm32f4xx_hal_uart.o
HAL_UART_IRQHandler                               Drivers\STM32F4xx_HAL_Driver\Src\stm32f4xx_hal_uart.o
HAL_UART_Init                                     Drivers\STM32F4xx_HAL_Driver\Src\stm32f4xx_hal_uart.o
                                                  Src\usart.o
HAL_UART_MspDeInit                                Src\usart.o
                                                  Drivers\STM32F4xx_HAL_Driver\Src\stm32f4xx_hal_uart.o
HAL_UART_MspInit                                  Src\usart.o
                                                  Drivers\STM32F4xx_HAL_Driver\Src\stm32f4xx_hal_uart.o
HAL_UART_Receive                                  Drivers\STM32F4xx_HAL_Driver\Src\stm32f4xx_hal_uart.o
HAL_UART_Receive_DMA                              Drivers\STM32F4xx_HAL_Driver\Src\stm32f4xx_hal_uart.o
HAL_UART_Receive_IT                               Drivers\STM32F4xx_HAL_Driver\Src\stm32f4xx_hal_uart.o
HAL_UART_RxCpltCallback                           Drivers\STM32F4xx_HAL_Driver\Src\stm32f4xx_hal_uart.o
HAL_UART_RxHalfCpltCallback                       Drivers\STM32F4xx_HAL_Driver\Src\stm32f4xx_hal_uart.o